Component: ARM Compiler 5.06 update 7 (build 960) Tool: armlink [4d3601]

==============================================================================

Section Cross References

    main.o(i.InitHardware) refers to system_stm32f10x.o(i.SystemInit) for SystemInit
    main.o(i.InitHardware) refers to rcc.o(i.InitRCC) for InitRCC
    main.o(i.InitHardware) refers to nvic.o(i.InitNVIC) for InitNVIC
    main.o(i.InitHardware) refers to uart1.o(i.InitUART1) for InitUART1
    main.o(i.InitHardware) refers to timer.o(i.InitTimer) for InitTimer
    main.o(i.InitHardware) refers to systick.o(i.InitSysTick) for InitSysTick
    main.o(i.InitHardware) refers to dac.o(i.InitDAC) for InitDAC
    main.o(i.InitHardware) refers to adc.o(i.InitADC) for InitADC
    main.o(i.InitHardware) refers to prockeyone.o(i.InitProcKeyOne) for InitProcKeyOne
    main.o(i.InitHardware) refers to keyone.o(i.InitKeyOne) for InitKeyOne
    main.o(i.InitHardware) refers to resp.o(i.RESP_Init) for RESP_Init
    main.o(i.InitSoftware) refers to packunpack.o(i.InitPackUnpack) for InitPackUnpack
    main.o(i.InitSoftware) refers to prochostcmd.o(i.InitProcHostCmd) for InitProcHostCmd
    main.o(i.InitSoftware) refers to senddatatohost.o(i.InitSendDataToHost) for InitSendDataToHost
    main.o(i.InitSoftware) refers to filter.o(i.InitFilter) for InitFilter
    main.o(i.Proc1SecTask) refers to timer.o(i.Get1SecFlag) for Get1SecFlag
    main.o(i.Proc1SecTask) refers to timer.o(i.Clr1SecFlag) for Clr1SecFlag
    main.o(i.Proc2msTask) refers to timer.o(i.Get2msFlag) for Get2msFlag
    main.o(i.Proc2msTask) refers to uart1.o(i.ReadUART1) for ReadUART1
    main.o(i.Proc2msTask) refers to prochostcmd.o(i.ProcHostCmd) for ProcHostCmd
    main.o(i.Proc2msTask) refers to resp.o(i.RESP_Task) for RESP_Task
    main.o(i.Proc2msTask) refers to keyone.o(i.ScanKeyTask) for ScanKeyTask
    main.o(i.Proc2msTask) refers to timer.o(i.Clr2msFlag) for Clr2msFlag
    main.o(i.main) refers to main.o(i.InitSoftware) for InitSoftware
    main.o(i.main) refers to main.o(i.InitHardware) for InitHardware
    main.o(i.main) refers to printfa.o(i.__0printf) for __2printf
    main.o(i.main) refers to main.o(i.Proc2msTask) for Proc2msTask
    main.o(i.main) refers to main.o(i.Proc1SecTask) for Proc1SecTask
    led.o(i.ConfigLEDGPIO) refers to stm32f10x_rcc.o(i.RCC_APB2PeriphClockCmd) for RCC_APB2PeriphClockCmd
    led.o(i.ConfigLEDGPIO) refers to stm32f10x_gpio.o(i.GPIO_Init) for GPIO_Init
    led.o(i.ConfigLEDGPIO) refers to stm32f10x_gpio.o(i.GPIO_WriteBit) for GPIO_WriteBit
    led.o(i.InitLED) refers to led.o(i.ConfigLEDGPIO) for ConfigLEDGPIO
    led.o(i.LEDFlicker) refers to stm32f10x_gpio.o(i.GPIO_ReadOutputDataBit) for GPIO_ReadOutputDataBit
    led.o(i.LEDFlicker) refers to stm32f10x_gpio.o(i.GPIO_WriteBit) for GPIO_WriteBit
    led.o(i.LEDFlicker) refers to led.o(.data) for s_iCnt
    packunpack.o(i.GetUnPackRslt) refers to packunpack.o(.bss) for s_ptPack
    packunpack.o(i.InitPackUnpack) refers to packunpack.o(.bss) for s_ptPack
    packunpack.o(i.InitPackUnpack) refers to packunpack.o(.data) for s_iPackLen
    packunpack.o(i.PackData) refers to packunpack.o(i.PackWithCheckSum) for PackWithCheckSum
    packunpack.o(i.UnPackData) refers to packunpack.o(i.UnpackWithCheckSum) for UnpackWithCheckSum
    packunpack.o(i.UnPackData) refers to packunpack.o(.bss) for s_ptPack
    packunpack.o(i.UnPackData) refers to packunpack.o(.data) for s_iGotPackId
    prochostcmd.o(i.OnGenWave) refers to wave.o(i.GetSineWave100PointAddr) for GetSineWave100PointAddr
    prochostcmd.o(i.OnGenWave) refers to wave.o(i.GetTriWave100PointAddr) for GetTriWave100PointAddr
    prochostcmd.o(i.OnGenWave) refers to wave.o(i.GetRectWave100PointAddr) for GetRectWave100PointAddr
    prochostcmd.o(i.OnGenWave) refers to dac.o(i.SetDACWave) for SetDACWave
    prochostcmd.o(i.ProcHostCmd) refers to packunpack.o(i.GetUnPackRslt) for GetUnPackRslt
    prochostcmd.o(i.ProcHostCmd) refers to prochostcmd.o(i.OnGenWave) for OnGenWave
    prochostcmd.o(i.ProcHostCmd) refers to senddatatohost.o(i.SendAckPack) for SendAckPack
    prochostcmd.o(i.ProcHostCmd) refers to packunpack.o(i.UnPackData) for UnPackData
    senddatatohost.o(i.SendAckPack) refers to senddatatohost.o(i.SendPackToHost) for SendPackToHost
    senddatatohost.o(i.SendPackToHost) refers to packunpack.o(i.PackData) for PackData
    senddatatohost.o(i.SendPackToHost) refers to uart1.o(i.WriteUART1) for WriteUART1
    senddatatohost.o(i.SendWaveToHost) refers to senddatatohost.o(i.SendPackToHost) for SendPackToHost
    filter.o(i.BaselineFilterTask) refers to fmul.o(.text) for __aeabi_fmul
    filter.o(i.BaselineFilterTask) refers to fadd.o(.text) for __aeabi_fsub
    filter.o(i.BaselineFilterTask) refers to filter.o(.bss) for b1
    filter.o(i.Filter_Update) refers to fadd.o(.text) for __aeabi_fsub
    filter.o(i.Filter_Update) refers to fdiv.o(.text) for __aeabi_fdiv
    filter.o(i.IIRFilterc) refers to dmul.o(.text) for __aeabi_dmul
[...]
    i.DAC_DMACmd                             0x080013bc   Section        0  stm32f10x_dac.o(i.DAC_DMACmd)
    i.DAC_Init                               0x080013e8   Section        0  stm32f10x_dac.o(i.DAC_Init)
    i.DAC_SetChannel1Data                    0x0800141c   Section        0  stm32f10x_dac.o(i.DAC_SetChannel1Data)
    i.DMA2_Channel3_IRQHandler               0x0800143c   Section        0  dac.o(i.DMA2_Channel3_IRQHandler)
    i.DMA_ClearITPendingBit                  0x0800147c   Section        0  stm32f10x_dma.o(i.DMA_ClearITPendingBit)
    i.DMA_Cmd                                0x08001498   Section        0  stm32f10x_dma.o(i.DMA_Cmd)
    i.DMA_DeInit                             0x080014b0   Section        0  stm32f10x_dma.o(i.DMA_DeInit)
    i.DMA_GetITStatus                        0x080015fc   Section        0  stm32f10x_dma.o(i.DMA_GetITStatus)
    i.DMA_ITConfig                           0x08001628   Section        0  stm32f10x_dma.o(i.DMA_ITConfig)
    i.DMA_Init                               0x0800163a   Section        0  stm32f10x_dma.o(i.DMA_Init)
    i.DeQueue                                0x08001676   Section        0  queue.o(i.DeQueue)
    i.DeU16Queue                             0x080016ba   Section        0  u16queue.o(i.DeU16Queue)
    i.DebugMon_Handler                       0x08001702   Section        0  stm32f10x_it.o(i.DebugMon_Handler)
    i.EnQueue                                0x08001704   Section        0  queue.o(i.EnQueue)
    i.EnU16Queue                             0x0800174c   Section        0  u16queue.o(i.EnU16Queue)
    i.EnableUARTTx                           0x08001798   Section        0  uart1.o(i.EnableUARTTx)
    EnableUARTTx                             0x08001799   Thumb Code    22  uart1.o(i.EnableUARTTx)
    i.FLASH_PrefetchBufferCmd                0x080017b8   Section        0  stm32f10x_flash.o(i.FLASH_PrefetchBufferCmd)
    i.FLASH_SetLatency                       0x080017d4   Section        0  stm32f10x_flash.o(i.FLASH_SetLatency)
    i.GPIO_Init                              0x080017ec   Section        0  stm32f10x_gpio.o(i.GPIO_Init)
    i.GPIO_ReadInputDataBit                  0x08001902   Section        0  stm32f10x_gpio.o(i.GPIO_ReadInputDataBit)
    i.GPIO_WriteBit                          0x08001914   Section        0  stm32f10x_gpio.o(i.GPIO_WriteBit)
    i.Get1SecFlag                            0x08001920   Section        0  timer.o(i.Get1SecFlag)
    i.Get2msFlag                             0x0800192c   Section        0  timer.o(i.Get2msFlag)
    i.GetRectWave100PointAddr                0x08001938   Section        0  wave.o(i.GetRectWave100PointAddr)
    i.GetSineWave100PointAddr                0x08001940   Section        0  wave.o(i.GetSineWave100PointAddr)
    i.GetTriWave100PointAddr                 0x08001948   Section        0  wave.o(i.GetTriWave100PointAddr)
    i.GetUnPackRslt                          0x08001950   Section        0  packunpack.o(i.GetUnPackRslt)
    i.HardFault_Handler                      0x08001964   Section        0  stm32f10x_it.o(i.HardFault_Handler)
    i.InitADC                                0x08001968   Section        0  adc.o(i.InitADC)
    i.InitDAC                                0x08001990   Section        0  dac.o(i.InitDAC)
    i.InitFilter                             0x080019bc   Section        0  filter.o(i.InitFilter)
    i.InitHardware                           0x080019fc   Section        0  main.o(i.InitHardware)
    InitHardware                             0x080019fd   Thumb Code    52  main.o(i.InitHardware)
    i.InitKeyOne                             0x08001a30   Section        0  keyone.o(i.InitKeyOne)
    i.InitNVIC                               0x08001a48   Section        0  nvic.o(i.InitNVIC)
    i.InitPackUnpack                         0x08001a50   Section        0  packunpack.o(i.InitPackUnpack)
    i.InitProcHostCmd                        0x08001a94   Section        0  prochostcmd.o(i.InitProcHostCmd)
    i.InitProcKeyOne                         0x08001a96   Section        0  prockeyone.o(i.InitProcKeyOne)
    i.InitQueue                              0x08001a98   Section        0  queue.o(i.InitQueue)
    i.InitRCC                                0x08001abc   Section        0  rcc.o(i.InitRCC)
    i.InitSendDataToHost                     0x08001ac4   Section        0  senddatatohost.o(i.InitSendDataToHost)
    i.InitSoftware                           0x08001ac6   Section        0  main.o(i.InitSoftware)
    InitSoftware                             0x08001ac7   Thumb Code    20  main.o(i.InitSoftware)
    i.InitSysTick                            0x08001adc   Section        0  systick.o(i.InitSysTick)
    i.InitTimer                              0x08001b44   Section        0  timer.o(i.InitTimer)
    i.InitU16Queue                           0x08001b5c   Section        0  u16queue.o(i.InitU16Queue)
    i.InitUART1                              0x08001b82   Section        0  uart1.o(i.InitUART1)
    i.InitUARTBuf                            0x08001b94   Section        0  uart1.o(i.InitUARTBuf)
    InitUARTBuf                              0x08001b95   Thumb Code    46  uart1.o(i.InitUARTBuf)
    i.MemManage_Handler                      0x08001bd4   Section        0  stm32f10x_it.o(i.MemManage_Handler)
    i.NMI_Handler                            0x08001bd8   Section        0  stm32f10x_it.o(i.NMI_Handler)
    i.NVIC_ClearPendingIRQ                   0x08001bdc   Section        0  uart1.o(i.NVIC_ClearPendingIRQ)
    NVIC_ClearPendingIRQ                     0x08001bdd   Thumb Code    18  uart1.o(i.NVIC_ClearPendingIRQ)
    i.NVIC_Init                              0x08001bf4   Section        0  misc.o(i.NVIC_Init)
    i.NVIC_PriorityGroupConfig               0x08001c64   Section        0  misc.o(i.NVIC_PriorityGroupConfig)
    i.OnGenWave                              0x08001c78   Section        0  prochostcmd.o(i.OnGenWave)
    OnGenWave                                0x08001c79   Thumb Code    58  prochostcmd.o(i.OnGenWave)
    i.PackData                               0x08001cb2   Section        0  packunpack.o(i.PackData)
    i.PackWithCheckSum                       0x08001cca   Section        0  packunpack.o(i.PackWithCheckSum)
    PackWithCheckSum                         0x08001ccb   Thumb Code    62  packunpack.o(i.PackWithCheckSum)
    i.PendSV_Handler                         0x08001d08   Section        0  stm32f10x_it.o(i.PendSV_Handler)
    i.Proc1SecTask                           0x08001d0a   Section        0  main.o(i.Proc1SecTask)
    Proc1SecTask                             0x08001d0b   Thumb Code    14  main.o(i.Proc1SecTask)
    i.Proc2msTask                            0x08001d18   Section        0  main.o(i.Proc2msTask)
    Proc2msTask                              0x08001d19   Thumb Code    40  main.o(i.Proc2msTask)
    i.ProcHostCmd                            0x08001d40   Section        0  prochostcmd.o(i.ProcHostCmd)
    i.ProcKeyDownKey1                        0x08001d88   Section        0  prockeyone.o(i.ProcKeyDownKey1)
    i.ProcKeyDownKey2                        0x08001dc8   Section        0  prockeyone.o(i.ProcKeyDownKey2)
    i.ProcKeyDownKey3                        0x08001e08   Section        0  prockeyone.o(i.ProcKeyDownKey3)
    i.ProcKeyUpKey1                          0x08001e10   Section        0  prockeyone.o(i.ProcKeyUpKey1)
    i.ProcKeyUpKey2                          0x08001e12   Section        0  prockeyone.o(i.ProcKeyUpKey2)
    i.ProcKeyUpKey3                          0x08001e14   Section        0  prockeyone.o(i.ProcKeyUpKey3)
    i.QueueEmpty                             0x08001e16   Section        0  queue.o(i.QueueEmpty)
    i.RCC_ADCCLKConfig                       0x08001e24   Section        0  stm32f10x_rcc.o(i.RCC_ADCCLKConfig)
    i.RCC_AHBPeriphClockCmd                  0x08001e3c   Section        0  stm32f10x_rcc.o(i.RCC_AHBPeriphClockCmd)
    i.RCC_APB1PeriphClockCmd                 0x08001e5c   Section        0  stm32f10x_rcc.o(i.RCC_APB1PeriphClockCmd)
    i.RCC_APB1PeriphResetCmd                 0x08001e7c   Section        0  stm32f10x_rcc.o(i.RCC_APB1PeriphResetCmd)
    i.RCC_APB2PeriphClockCmd                 0x08001e9c   Section        0  stm32f10x_rcc.o(i.RCC_APB2PeriphClockCmd)
    i.RCC_APB2PeriphResetCmd                 0x08001ebc   Section        0  stm32f10x_rcc.o(i.RCC_APB2PeriphResetCmd)
    i.RCC_DeInit                             0x08001edc   Section        0  stm32f10x_rcc.o(i.RCC_DeInit)
    i.RCC_GetClocksFreq                      0x08001f28   Section        0  stm32f10x_rcc.o(i.RCC_GetClocksFreq)
    i.RCC_GetFlagStatus                      0x08001ffc   Section        0  stm32f10x_rcc.o(i.RCC_GetFlagStatus)
    i.RCC_GetSYSCLKSource                    0x08002038   Section        0  stm32f10x_rcc.o(i.RCC_GetSYSCLKSource)
    i.RCC_HCLKConfig                         0x08002048   Section        0  stm32f10x_rcc.o(i.RCC_HCLKConfig)
    i.RCC_HSEConfig                          0x08002060   Section        0  stm32f10x_rcc.o(i.RCC_HSEConfig)
    i.RCC_PCLK1Config                        0x080020ac   Section        0  stm32f10x_rcc.o(i.RCC_PCLK1Config)
    i.RCC_PCLK2Config                        0x080020c4   Section        0  stm32f10x_rcc.o(i.RCC_PCLK2Config)
    i.RCC_PLLCmd                             0x080020dc   Section        0  stm32f10x_rcc.o(i.RCC_PLLCmd)
    i.RCC_PLLConfig                          0x080020e8   Section        0  stm32f10x_rcc.o(i.RCC_PLLConfig)
    i.RCC_SYSCLKConfig                       0x08002104   Section        0  stm32f10x_rcc.o(i.RCC_SYSCLKConfig)
    i.RCC_WaitForHSEStartUp                  0x0800211c   Section        0  stm32f10x_rcc.o(i.RCC_WaitForHSEStartUp)
    i.RESP_ADC_Read                          0x08002154   Section        0  resp.o(i.RESP_ADC_Read)
    RESP_ADC_Read                            0x08002155   Thumb Code    76  resp.o(i.RESP_ADC_Read)
    i.RESP_Filter                            0x080021b0   Section        0  filter.o(i.RESP_Filter)
    i.RESP_Filter_IIR                        0x080021f4   Section        0  filter.o(i.RESP_Filter_IIR)
    i.RESP_Filter_Smooth_Init                0x0800223c   Section        0  filter.o(i.RESP_Filter_Smooth_Init)
    i.RESP_HR_Cal                            0x08002258   Section        0  resp_heartrate_calculate.o(i.RESP_HR_Cal)
    i.RESP_HR_FindMid                        0x0800229c   Section        0  resp_heartrate_calculate.o(i.RESP_HR_FindMid)
    i.RESP_HR_FindPeak                       0x08002384   Section        0  resp_heartrate_calculate.o(i.RESP_HR_FindPeak)
    i.RESP_HR_FindReference                  0x0800241c   Section        0  resp_heartrate_calculate.o(i.RESP_HR_FindReference)
    i.RESP_HR_Send                           0x08002478   Section        0  resp_heartrate_calculate.o(i.RESP_HR_Send)
    i.RESP_HeartRate_Calculate               0x080024a0   Section        0  resp_heartrate_calculate.o(i.RESP_HeartRate_Calculate)
    i.RESP_Init                              0x080024e0   Section        0  resp.o(i.RESP_Init)
    i.RESP_LEADOFF_Check                     0x08002530   Section        0  resp.o(i.RESP_LEADOFF_Check)
    RESP_LEADOFF_Check                       0x08002531   Thumb Code    80  resp.o(i.RESP_LEADOFF_Check)
    i.RESP_StartInfo_Change                  0x080025d8   Section        0  resp.o(i.RESP_StartInfo_Change)
    i.RESP_StartInfo_Get                     0x080025fc   Section        0  resp.o(i.RESP_StartInfo_Get)
    i.RESP_Start_Check                       0x08002608   Section        0  resp.o(i.RESP_Start_Check)
    RESP_Start_Check                         0x08002609   Thumb Code    84  resp.o(i.RESP_Start_Check)
    i.RESP_Task                              0x08002698   Section        0  resp.o(i.RESP_Task)
    i.RESP_Wave_Send                         0x08002738   Section        0  resp.o(i.RESP_Wave_Send)
    RESP_Wave_Send                           0x08002739   Thumb Code    54  resp.o(i.RESP_Wave_Send)
    i.ReadADCBuf                             0x08002780   Section        0  adc.o(i.ReadADCBuf)
    i.ReadSendBuf                            0x0800279c   Section        0  uart1.o(i.ReadSendBuf)
    ReadSendBuf                              0x0800279d   Thumb Code    22  uart1.o(i.ReadSendBuf)
    i.ReadUART1                              0x080027b8   Section        0  uart1.o(i.ReadUART1)
    i.SVC_Handler                            0x080027d4   Section        0  stm32f10x_it.o(i.SVC_Handler)
    i.ScanKeyOne                             0x080027d8   Section        0  keyone.o(i.ScanKeyOne)
    i.ScanKeyTask                            0x0800288c   Section        0  keyone.o(i.ScanKeyTask)
    i.SendAckPack                            0x080028e0   Section        0  senddatatohost.o(i.SendAckPack)
    i.SendCharUsedByFputc                    0x08002918   Section        0  uart1.o(i.SendCharUsedByFputc)
    SendCharUsedByFputc                      0x08002919   Thumb Code    28  uart1.o(i.SendCharUsedByFputc)
    i.SendPackToHost                         0x08002938   Section        0  senddatatohost.o(i.SendPackToHost)
    SendPackToHost                           0x08002939   Thumb Code    28  senddatatohost.o(i.SendPackToHost)
    i.SetDACWave                             0x08002954   Section        0  dac.o(i.SetDACWave)
    i.SetSysClock                            0x08002964   Section        0  system_stm32f10x.o(i.SetSysClock)
    SetSysClock                              0x08002965   Thumb Code     8  system_stm32f10x.o(i.SetSysClock)
    i.SetSysClockTo72                        0x0800296c   Section        0  system_stm32f10x.o(i.SetSysClockTo72)
    SetSysClockTo72                          0x0800296d   Thumb Code   214  system_stm32f10x.o(i.SetSysClockTo72)
    i.SysTick_Handler                        0x08002a4c   Section        0  systick.o(i.SysTick_Handler)
    i.SystemInit                             0x08002a54   Section        0  system_stm32f10x.o(i.SystemInit)
    i.TIM2_IRQHandler                        0x08002ab4   Section        0  timer.o(i.TIM2_IRQHandler)
    i.TIM3_IRQHandler                        0x08002af0   Section        0  adc.o(i.TIM3_IRQHandler)
    i.TIM5_IRQHandler                        0x08002b18   Section        0  timer.o(i.TIM5_IRQHandler)
    i.TIM_ClearITPendingBit                  0x08002b60   Section        0  stm32f10x_tim.o(i.TIM_ClearITPendingBit)
    i.TIM_Cmd                                0x08002b66   Section        0  stm32f10x_tim.o(i.TIM_Cmd)
    i.TIM_DeInit                             0x08002b80   Section        0  stm32f10x_tim.o(i.TIM_DeInit)
    i.TIM_GetITStatus                        0x08002d68   Section        0  stm32f10x_tim.o(i.TIM_GetITStatus)
    i.TIM_ITConfig                           0x08002d8a   Section        0  stm32f10x_tim.o(i.TIM_ITConfig)
    i.TIM_SelectOutputTrigger                0x08002d9c   Section        0  stm32f10x_tim.o(i.TIM_SelectOutputTrigger)
    i.TIM_TimeBaseInit                       0x08002db0   Section        0  stm32f10x_tim.o(i.TIM_TimeBaseInit)
    i.TimDelayDec                            0x08002e54   Section        0  systick.o(i.TimDelayDec)
    TimDelayDec                              0x08002e55   Thumb Code    18  systick.o(i.TimDelayDec)
    i.USART1_IRQHandler                      0x08002e6c   Section        0  uart1.o(i.USART1_IRQHandler)
    i.USART_ClearFlag                        0x08002f04   Section        0  stm32f10x_usart.o(i.USART_ClearFlag)
    i.USART_ClearITPendingBit                0x08002f16   Section        0  stm32f10x_usart.o(i.USART_ClearITPendingBit)
    i.USART_Cmd                              0x08002f34   Section        0  stm32f10x_usart.o(i.USART_Cmd)
    i.USART_GetFlagStatus                    0x08002f4c   Section        0  stm32f10x_usart.o(i.USART_GetFlagStatus)
    i.USART_GetITStatus                      0x08002f66   Section        0  stm32f10x_usart.o(i.USART_GetITStatus)
    i.USART_ITConfig                         0x08002fba   Section        0  stm32f10x_usart.o(i.USART_ITConfig)
    i.USART_Init                             0x08003004   Section        0  stm32f10x_usart.o(i.USART_Init)
    i.USART_ReceiveData                      0x080030dc   Section        0  stm32f10x_usart.o(i.USART_ReceiveData)
    i.USART_SendData                         0x080030e6   Section        0  stm32f10x_usart.o(i.USART_SendData)
    i.USART_StructInit                       0x080030ee   Section        0  stm32f10x_usart.o(i.USART_StructInit)
    i.UnPackData                             0x08003108   Section        0  packunpack.o(i.UnPackData)
    i.UnpackWithCheckSum                     0x0800318c   Section        0  packunpack.o(i.UnpackWithCheckSum)
    UnpackWithCheckSum                       0x0800318d   Thumb Code    66  packunpack.o(i.UnpackWithCheckSum)
    i.UsageFault_Handler                     0x080031ce   Section        0  stm32f10x_it.o(i.UsageFault_Handler)
    i.WriteADCBuf                            0x080031d4   Section        0  adc.o(i.WriteADCBuf)
    i.WriteReceiveBuf                        0x080031ec   Section        0  uart1.o(i.WriteReceiveBuf)
    WriteReceiveBuf                          0x080031ed   Thumb Code    20  uart1.o(i.WriteReceiveBuf)
    i.WriteUART1                             0x08003204   Section        0  uart1.o(i.WriteUART1)
    i.__0printf                              0x08003234   Section        0  printfa.o(i.__0printf)
    i.__scatterload_copy                     0x08003254   Section       14  handlers.o(i.__scatterload_copy)
    i.__scatterload_null                     0x08003262   Section        2  handlers.o(i.__scatterload_null)
    i.__scatterload_zeroinit                 0x08003264   Section       14  handlers.o(i.__scatterload_zeroinit)
    i._fp_digits                             0x08003274   Section        0  printfa.o(i._fp_digits)
    _fp_digits                               0x08003275   Thumb Code   366  printfa.o(i._fp_digits)
    i._printf_core                           0x080033f8   Section        0  printfa.o(i._printf_core)
    _printf_core                             0x080033f9   Thumb Code  1704  printfa.o(i._printf_core)
    i._printf_post_padding                   0x08003aac   Section        0  printfa.o(i._printf_post_padding)
    _printf_post_padding                     0x08003aad   Thumb Code    36  printfa.o(i._printf_post_padding)
    i._printf_pre_padding                    0x08003ad0   Section        0  printfa.o(i._printf_pre_padding)
    _printf_pre_padding                      0x08003ad1   Thumb Code    46  printfa.o(i._printf_pre_padding)
    i.fputc                                  0x08003afe   Section        0  uart1.o(i.fputc)
    i.main                                   0x08003b10   Section        0  main.o(i.main)
    .constdata                               0x08003b50   Section      476  filter.o(.constdata)
    .data                                    0x20000000   Section        3  packunpack.o(.data)
    s_iPackLen                               0x20000000   Data           1  packunpack.o(.data)
    s_iGotPackId                             0x20000001   Data           1  packunpack.o(.data)
    s_iRestByteNum                           0x20000002   Data           1  packunpack.o(.data)
    .data                                    0x20000004   Section       12  filter.o(.data)
    RESP_Filter_chebyshev_ii_NotchInc        0x20000008   Data           4  filter.o(.data)
    RESP_Filter_butterworth_NotchInc         0x2000000c   Data           4  filter.o(.data)
    .data                                    0x20000010   Section       10  keyone.o(.data)
    s_arrKeyDownLevel                        0x20000010   Data           3  keyone.o(.data)
    s_arrKeyVal                              0x20000013   Data           3  keyone.o(.data)
    s_arrKeyFlag                             0x20000016   Data           3  keyone.o(.data)
    s_iCnt5                                  0x20000019   Data           1  keyone.o(.data)
    .data                                    0x2000001a   Section        8  resp.o(.data)
    RESP_START_INFO                          0x2000001c   Data           1  resp.o(.data)
    RESP_LEAD_ERROR_FLAG                     0x2000001d   Data           1  resp.o(.data)
    RESP_START_FLAG                          0x2000001e   Data           1  resp.o(.data)
    RESP_TM_counter                          0x2000001f   Data           1  resp.o(.data)
    RESP_TM_counter                          0x20000020   Data           1  resp.o(.data)
    test_point                               0x20000021   Data           1  resp.o(.data)
    .data                                    0x20000024   Section        4  resp_heartrate_calculate.o(.data)
    RESP_HeartRate                           0x20000024   Data           4  resp_heartrate_calculate.o(.data)
    .data                                    0x20000028   Section        6  timer.o(.data)
    s_i2msFlag                               0x20000028   Data           1  timer.o(.data)
    s_i1secFlag                              0x20000029   Data           1  timer.o(.data)
    s_iCnt2                                  0x2000002a   Data           2  timer.o(.data)
    s_iCnt1000                               0x2000002c   Data           2  timer.o(.data)
    .data                                    0x2000002e   Section        1  uart1.o(.data)
    s_iUARTTxSts                             0x2000002e   Data           1  uart1.o(.data)
    .data                                    0x20000030   Section        8  dac.o(.data)
    s_strDAC1WaveBuf                         0x20000030   Data           8  dac.o(.data)
    .data                                    0x20000038   Section      600  wave.o(.data)
    s_arrSineWave100Point                    0x20000038   Data         200  wave.o(.data)
    s_arrRectWave100Point                    0x20000100   Data         200  wave.o(.data)
    s_arrTriWave100Point                     0x200001c8   Data         200  wave.o(.data)
    .data                                    0x20000290   Section        2  adc.o(.data)
    s_arrADC1Data                            0x20000290   Data           2  adc.o(.data)
    .data                                    0x20000292   Section       20  stm32f10x_rcc.o(.data)
    APBAHBPrescTable                         0x20000292   Data          16  stm32f10x_rcc.o(.data)
    ADCPrescTable                            0x200002a2   Data           4  stm32f10x_rcc.o(.data)
    .data                                    0x200002a8   Section        4  systick.o(.data)
    s_iTimDelayCnt                           0x200002a8   Data           4  systick.o(.data)
    .data                                    0x200002ac   Section       20  system_stm32f10x.o(.data)
    .data                                    0x200002c0   Section        4  stdout.o(.data)
    .bss                                     0x200002c4   Section       10  packunpack.o(.bss)
    s_ptPack                                 0x200002c4   Data          10  packunpack.o(.bss)
    .bss                                     0x200002d0   Section      232  filter.o(.bss)
    RESP_Filter_chebyshev_ii_inst            0x20000308   Data          12  filter.o(.bss)
    RESP_Filter_chebyshev_ii_state           0x20000314   Data          32  filter.o(.bss)
    RESP_Filter_butterworth_inst             0x20000334   Data          12  filter.o(.bss)
    RESP_Filter_butterworth_state            0x20000340   Data          48  filter.o(.bss)
    b1                                       0x20000370   Data          12  filter.o(.bss)
    a1                                       0x2000037c   Data          12  filter.o(.bss)
    b2                                       0x20000388   Data          12  filter.o(.bss)
    a2                                       0x20000394   Data          12  filter.o(.bss)
    bufX                                     0x200003a0   Data          12  filter.o(.bss)
    bufY                                     0x200003ac   Data          12  filter.o(.bss)
    .bss                                     0x200003b8   Section    40000  resp.o(.bss)
    .bss                                     0x20009ff8   Section     1920  resp_heartrate_calculate.o(.bss)
    RESP_Peak_Index                          0x20009ff8   Data         960  resp_heartrate_calculate.o(.bss)
    RESP_Peak_TM_DIffer                      0x2000a3b8   Data         960  resp_heartrate_calculate.o(.bss)
    .bss                                     0x2000a778   Section      224  uart1.o(.bss)
    s_structUARTSendCirQue                   0x2000a778   Data          12  uart1.o(.bss)
    s_structUARTRecCirQue                    0x2000a784   Data          12  uart1.o(.bss)
    s_arrSendBuf                             0x2000a790   Data         100  uart1.o(.bss)
    s_arrRecBuf                              0x2000a7f4   Data         100  uart1.o(.bss)
    .bss                                     0x2000a858   Section      212  adc.o(.bss)
    s_structADCCirQue                        0x2000a858   Data          12  adc.o(.bss)
    s_arrADCBuf                              0x2000a864   Data         200  adc.o(.bss)
    STACK                                    0x2000a930   Section     1024  startup_stm32f10x_hd.o(STACK)

    Global Symbols

    Symbol Name                              Value     Ov Type        Size  Object(Section)

    BuildAttributes$$THM_ISAv4$P$D$K$B$S$PE$A:L22UL41UL21$X:L11$S22US41US21$IEEE1$IW$USESV6$~STKCKD$USESV7$~SHL$OTIME$ROPI$EBA8$MICROLIB$REQ8$PRES8$EABIv2 0x00000000   Number         0  anon$$obj.o ABSOLUTE
    __ARM_use_no_argv                        0x00000000   Number         0  main.o ABSOLUTE
    _printf_a                                0x00000000   Number         0  stubs.o ABSOLUTE
    _printf_c                                0x00000000   Number         0  stubs.o ABSOLUTE
    _printf_charcount                        0x00000000   Number         0  stubs.o ABSOLUTE
    _printf_d                                0x00000000   Number         0  stubs.o ABSOLUTE
    _printf_e                                0x00000000   Number         0  stubs.o ABSOLUTE
    _printf_f                                0x00000000   Number         0  stubs.o ABSOLUTE
    _printf_flags                            0x00000000   Number         0  stubs.o ABSOLUTE
    _printf_fp_dec                           0x00000000   Number         0  stubs.o ABSOLUTE
    _printf_fp_hex                           0x00000000   Number         0  stubs.o ABSOLUTE
    _printf_g                                0x00000000   Number         0  stubs.o ABSOLUTE
    _printf_i                                0x00000000   Number         0  stubs.o ABSOLUTE
    _printf_int_dec                          0x00000000   Number         0  stubs.o ABSOLUTE
    _printf_l                                0x00000000   Number         0  stubs.o ABSOLUTE
    _printf_lc                               0x00000000   Number         0  stubs.o ABSOLUTE
    _printf_ll                               0x00000000   Number         0  stubs.o ABSOLUTE
    _printf_lld                              0x00000000   Number         0  stubs.o ABSOLUTE
    _printf_lli                              0x00000000   Number         0  stubs.o ABSOLUTE
    _printf_llo                              0x00000000   Number         0  stubs.o ABSOLUTE
    _printf_llu                              0x00000000   Number         0  stubs.o ABSOLUTE
    _printf_llx                              0x00000000   Number         0  stubs.o ABSOLUTE
    _printf_longlong_dec                     0x00000000   Number         0  stubs.o ABSOLUTE
    _printf_longlong_hex                     0x00000000   Number         0  stubs.o ABSOLUTE
    _printf_longlong_oct                     0x00000000   Number         0  stubs.o ABSOLUTE
    _printf_ls                               0x00000000   Number         0  stubs.o ABSOLUTE
    _printf_mbtowc                           0x00000000   Number         0  stubs.o ABSOLUTE
    _printf_n                                0x00000000   Number         0  stubs.o ABSOLUTE
    _printf_o                                0x00000000   Number         0  stubs.o ABSOLUTE
    _printf_p                                0x00000000   Number         0  stubs.o ABSOLUTE
    _printf_percent                          0x00000000   Number         0  stubs.o ABSOLUTE
    _printf_pre_padding                      0x00000000   Number         0  stubs.o ABSOLUTE
    _printf_return_value                     0x00000000   Number         0  stubs.o ABSOLUTE
    _printf_s                                0x00000000   Number         0  stubs.o ABSOLUTE
    _printf_sizespec                         0x00000000   Number         0  stubs.o ABSOLUTE
    _printf_str                              0x00000000   Number         0  stubs.o ABSOLUTE
    _printf_truncate_signed                  0x00000000   Number         0  stubs.o ABSOLUTE
    _printf_truncate_unsigned                0x00000000   Number         0  stubs.o ABSOLUTE
    _printf_u                                0x00000000   Number         0  stubs.o ABSOLUTE
    _printf_wc                               0x00000000   Number         0  stubs.o ABSOLUTE
    _printf_wctomb                           0x00000000   Number         0  stubs.o ABSOLUTE
    _printf_widthprec                        0x00000000   Number         0  stubs.o ABSOLUTE
    _printf_x                                0x00000000   Number         0  stubs.o ABSOLUTE
    __arm_fini_                               - Undefined Weak Reference
    __cpp_initialize__aeabi_                  - Undefined Weak Reference
    __cxa_finalize                            - Undefined Weak Reference
    _clock_init                               - Undefined Weak Reference
    _microlib_exit                            - Undefined Weak Reference
    __Vectors_Size                           0x00000130   Number         0  startup_stm32f10x_hd.o ABSOLUTE
    __Vectors                                0x08000000   Data           4  startup_stm32f10x_hd.o(RESET)
    __Vectors_End                            0x08000130   Data           0  startup_stm32f10x_hd.o(RESET)
    __main                                   0x08000131   Thumb Code     0  entry.o(.ARM.Collect$$$$00000000)
    _main_stk                                0x08000131   Thumb Code     0  entry2.o(.ARM.Collect$$$$00000001)
    _main_scatterload                        0x08000135   Thumb Code     0  entry5.o(.ARM.Collect$$$$00000004)
    __main_after_scatterload                 0x08000139   Thumb Code     0  entry5.o(.ARM.Collect$$$$00000004)
    _main_clock                              0x08000139   Thumb Code     0  entry7b.o(.ARM.Collect$$$$00000008)
    _main_cpp_init                           0x08000139   Thumb Code     0  entry8b.o(.ARM.Collect$$$$0000000A)
    _main_init                               0x08000139   Thumb Code     0  entry9a.o(.ARM.Collect$$$$0000000B)
    __rt_lib_shutdown_fini                   0x08000141   Thumb Code     0  entry12b.o(.ARM.Collect$$$$0000000E)
    __rt_final_cpp                           0x08000145   Thumb Code     0  entry10a.o(.ARM.Collect$$$$0000000F)
    __rt_final_exit                          0x08000145   Thumb Code     0  entry11a.o(.ARM.Collect$$$$00000011)
    Reset_Handler                            0x08000149   Thumb Code     8  startup_stm32f10x_hd.o(.text)
    ADC1_2_IRQHandler                        0x08000163   Thumb Code     0  startup_stm32f10x_hd.o(.text)
    ADC3_IRQHandler                          0x08000163   Thumb Code     0  startup_stm32f10x_hd.o(.text)
    CAN1_RX1_IRQHandler                      0x08000163   Thumb Code     0  startup_stm32f10x_hd.o(.text)
    CAN1_SCE_IRQHandler                      0x08000163   Thumb Code     0  startup_stm32f10x_hd.o(.text)
    DMA1_Channel1_IRQHandler                 0x08000163   Thumb Code     0  startup_stm32f10x_hd.o(.text)
    DMA1_Channel2_IRQHandler                 0x08000163   Thumb Code     0  startup_stm32f10x_hd.o(.text)
    DMA1_Channel3_IRQHandler                 0x08000163   Thumb Code     0  startup_stm32f10x_hd.o(.text)
    DMA1_Channel4_IRQHandler                 0x08000163   Thumb Code     0  startup_stm32f10x_hd.o(.text)
    DMA1_Channel5_IRQHandler                 0x08000163   Thumb Code     0  startup_stm32f10x_hd.o(.text)
    DMA1_Channel6_IRQHandler                 0x08000163   Thumb Code     0  startup_stm32f10x_hd.o(.text)
    DMA1_Channel7_IRQHandler                 0x08000163   Thumb Code     0  startup_stm32f10x_hd.o(.text)
    DMA2_Channel1_IRQHandler                 0x08000163   Thumb Code     0  startup_stm32f10x_hd.o(.text)
    DMA2_Channel2_IRQHandler                 0x08000163   Thumb Code     0  startup_stm32f10x_hd.o(.text)
    DMA2_Channel4_5_IRQHandler               0x08000163   Thumb Code     0  startup_stm32f10x_hd.o(.text)
    EXTI0_IRQHandler                         0x08000163   Thumb Code     0  startup_stm32f10x_hd.o(.text)
    EXTI15_10_IRQHandler                     0x08000163   Thumb Code     0  startup_stm32f10x_hd.o(.text)
    EXTI1_IRQHandler                         0x08000163   Thumb Code     0  startup_stm32f10x_hd.o(.text)
    EXTI2_IRQHandler                         0x08000163   Thumb Code     0  startup_stm32f10x_hd.o(.text)
    EXTI3_IRQHandler                         0x08000163   Thumb Code     0  startup_stm32f10x_hd.o(.text)
    EXTI4_IRQHandler                         0x08000163   Thumb Code     0  startup_stm32f10x_hd.o(.text)
    EXTI9_5_IRQHandler                       0x08000163   Thumb Code     0  startup_stm32f10x_hd.o(.text)
    FLASH_IRQHandler                         0x08000163   Thumb Code     0  startup_stm32f10x_hd.o(.text)
    FSMC_IRQHandler                          0x08000163   Thumb Code     0  startup_stm32f10x_hd.o(.text)
    I2C1_ER_IRQHandler                       0x08000163   Thumb Code     0  startup_stm32f10x_hd.o(.text)
    I2C1_EV_IRQHandler                       0x08000163   Thumb Code     0  startup_stm32f10x_hd.o(.text)
    I2C2_ER_IRQHandler                       0x08000163   Thumb Code     0  startup_stm32f10x_hd.o(.text)
    I2C2_EV_IRQHandler                       0x08000163   Thumb Code     0  startup_stm32f10x_hd.o(.text)
    PVD_IRQHandler                           0x08000163   Thumb Code     0  startup_stm32f10x_hd.o(.text)
    RCC_IRQHandler                           0x08000163   Thumb Code     0  startup_stm32f10x_hd.o(.text)
    RTCAlarm_IRQHandler                      0x08000163   Thumb Code     0  startup_stm32f10x_hd.o(.text)
    RTC_IRQHandler                           0x08000163   Thumb Code     0  startup_stm32f10x_hd.o(.text)
    SDIO_IRQHandler                          0x08000163   Thumb Code     0  startup_stm32f10x_hd.o(.text)
    SPI1_IRQHandler                          0x08000163   Thumb Code     0  startup_stm32f10x_hd.o(.text)
    SPI2_IRQHandler                          0x08000163   Thumb Code     0  startup_stm32f10x_hd.o(.text)
    SPI3_IRQHandler                          0x08000163   Thumb Code     0  startup_stm32f10x_hd.o(.text)
    TAMPER_IRQHandler                        0x08000163   Thumb Code     0  startup_stm32f10x_hd.o(.text)
    TIM1_BRK_IRQHandler                      0x08000163   Thumb Code     0  startup_stm32f10x_hd.o(.text)
    TIM1_CC_IRQHandler                       0x08000163   Thumb Code     0  startup_stm32f10x_hd.o(.text)
    TIM1_TRG_COM_IRQHandler                  0x08000163   Thumb Code     0  startup_stm32f10x_hd.o(.text)
    TIM1_UP_IRQHandler                       0x08000163   Thumb Code     0  startup_stm32f10x_hd.o(.text)
    TIM4_IRQHandler                          0x08000163   Thumb Code     0  startup_stm32f10x_hd.o(.text)
    TIM6_IRQHandler                          0x08000163   Thumb Code     0  startup_stm32f10x_hd.o(.text)
    TIM7_IRQHandler                          0x08000163   Thumb Code     0  startup_stm32f10x_hd.o(.text)
    TIM8_BRK_IRQHandler                      0x08000163   Thumb Code     0  startup_stm32f10x_hd.o(.text)
    TIM8_CC_IRQHandler                       0x08000163   Thumb Code     0  startup_stm32f10x_hd.o(.text)
    TIM8_TRG_COM_IRQHandler                  0x08000163   Thumb Code     0  startup_stm32f10x_hd.o(.text)
    TIM8_UP_IRQHandler                       0x08000163   Thumb Code     0  startup_stm32f10x_hd.o(.text)
    UART4_IRQHandler                         0x08000163   Thumb Code     0  startup_stm32f10x_hd.o(.text)
    UART5_IRQHandler                         0x08000163   Thumb Code     0  startup_stm32f10x_hd.o(.text)
    USART2_IRQHandler                        0x08000163   Thumb Code     0  startup_stm32f10x_hd.o(.text)
    USART3_IRQHandler                        0x08000163   Thumb Code     0  startup_stm32f10x_hd.o(.text)
    USBWakeUp_IRQHandler                     0x08000163   Thumb Code     0  startup_stm32f10x_hd.o(.text)
    USB_HP_CAN1_TX_IRQHandler                0x08000163   Thumb Code     0  startup_stm32f10x_hd.o(.text)
    USB_LP_CAN1_RX0_IRQHandler               0x08000163   Thumb Code     0  startup_stm32f10x_hd.o(.text)
    WWDG_IRQHandler                          0x08000163   Thumb Code     0  startup_stm32f10x_hd.o(.text)
    arm_biquad_cascade_df1_f32               0x0800016d   Thumb Code   676  arm_biquad_cascade_df1_f32.o(.text)
    arm_biquad_cascade_df1_init_f32          0x08000411   Thumb Code    22  arm_biquad_cascade_df1_init_f32.o(.text)
    __aeabi_memset                           0x08000427   Thumb Code    14  memseta.o(.text)
    __aeabi_memset4                          0x08000427   Thumb Code     0  memseta.o(.text)
    __aeabi_memset8                          0x08000427   Thumb Code     0  memseta.o(.text)
    __aeabi_memclr                           0x08000435   Thumb Code     4  memseta.o(.text)
    __aeabi_memclr4                          0x08000435   Thumb Code     0  memseta.o(.text)
    __aeabi_memclr8                          0x08000435   Thumb Code     0  memseta.o(.text)
    _memset$wrapper                          0x08000439   Thumb Code    18  memseta.o(.text)
    __aeabi_fadd                             0x0800044b   Thumb Code   164  fadd.o(.text)
    __aeabi_fsub                             0x080004ef   Thumb Code     6  fadd.o(.text)
    __aeabi_frsub                            0x080004f5   Thumb Code     6  fadd.o(.text)
    __aeabi_fmul                             0x080004fb   Thumb Code   100  fmul.o(.text)
    __aeabi_fdiv                             0x0800055f   Thumb Code   124  fdiv.o(.text)
    __aeabi_dadd                             0x080005db   Thumb Code   322  dadd.o(.text)
    __aeabi_dsub                             0x0800071d   Thumb Code     6  dadd.o(.text)
    __aeabi_drsub                            0x08000723   Thumb Code     6  dadd.o(.text)
    __aeabi_dmul                             0x08000729   Thumb Code   228  dmul.o(.text)
    __aeabi_ddiv                             0x0800080d   Thumb Code   222  ddiv.o(.text)
    __aeabi_i2f                              0x080008eb   Thumb Code    18  fflti.o(.text)
    __aeabi_ui2d                             0x080008fd   Thumb Code    26  dfltui.o(.text)
    __aeabi_f2iz                             0x08000917   Thumb Code    50  ffixi.o(.text)
    __aeabi_f2d                              0x08000949   Thumb Code    38  f2d.o(.text)
    __aeabi_d2f                              0x0800096f   Thumb Code    56  d2f.o(.text)
    __aeabi_cfcmpeq                          0x080009a9   Thumb Code     0  cfcmple.o(.text)
    __aeabi_cfcmple                          0x080009a9   Thumb Code    20  cfcmple.o(.text)
    __aeabi_cfrcmple                         0x080009bd   Thumb Code    20  cfrcmple.o(.text)
    __aeabi_uidiv                            0x080009d1   Thumb Code     0  uidiv.o(.text)
    __aeabi_uidivmod                         0x080009d1   Thumb Code    44  uidiv.o(.text)
    __aeabi_uldivmod                         0x080009fd   Thumb Code    98  uldiv.o(.text)
    __aeabi_llsl                             0x08000a5f   Thumb Code    30  llshl.o(.text)
    _ll_shift_l                              0x08000a5f   Thumb Code     0  llshl.o(.text)
    __aeabi_lasr                             0x08000a7d   Thumb Code    36  llsshr.o(.text)
    _ll_sshift_r                             0x08000a7d   Thumb Code     0  llsshr.o(.text)
    __I$use$fp                               0x08000aa1   Thumb Code     0  iusefp.o(.text)
    _float_round                             0x08000aa1   Thumb Code    18  fepilogue.o(.text)
    _float_epilogue                          0x08000ab3   Thumb Code    92  fepilogue.o(.text)
    _double_round                            0x08000b0f   Thumb Code    30  depilogue.o(.text)
    _double_epilogue                         0x08000b2d   Thumb Code   156  depilogue.o(.text)
    __aeabi_d2ulz                            0x08000bc9   Thumb Code    48  dfixul.o(.text)
    __aeabi_cdrcmple                         0x08000bf9   Thumb Code    48  cdrcmple.o(.text)
    __scatterload                            0x08000c29   Thumb Code    28  init.o(.text)
    __scatterload_rt2                        0x08000c29   Thumb Code     0  init.o(.text)
    __aeabi_llsr                             0x08000c4d   Thumb Code    32  llushr.o(.text)
    _ll_ushift_r                             0x08000c4d   Thumb Code     0  llushr.o(.text)
    __decompress                             0x08000c6d   Thumb Code     0  __dczerorl2.o(.text)
    __decompress1                            0x08000c6d   Thumb Code    86  __dczerorl2.o(.text)
    ADC_Cmd                                  0x08000cc3   Thumb Code    22  stm32f10x_adc.o(i.ADC_Cmd)
    ADC_DMACmd                               0x08000cd9   Thumb Code    22  stm32f10x_adc.o(i.ADC_DMACmd)
    ADC_ExternalTrigConvCmd                  0x08000cef   Thumb Code    22  stm32f10x_adc.o(i.ADC_ExternalTrigConvCmd)
    ADC_GetCalibrationStatus                 0x08000d05   Thumb Code    20  stm32f10x_adc.o(i.ADC_GetCalibrationStatus)
    ADC_GetResetCalibrationStatus            0x08000d19   Thumb Code    20  stm32f10x_adc.o(i.ADC_GetResetCalibrationStatus)
    ADC_Init                                 0x08000d2d   Thumb Code    70  stm32f10x_adc.o(i.ADC_Init)
    ADC_RegularChannelConfig                 0x08000d7d   Thumb Code   184  stm32f10x_adc.o(i.ADC_RegularChannelConfig)
    ADC_ResetCalibration                     0x08000e35   Thumb Code    10  stm32f10x_adc.o(i.ADC_ResetCalibration)
    ADC_StartCalibration                     0x08000e3f   Thumb Code    10  stm32f10x_adc.o(i.ADC_StartCalibration)
    BusFault_Handler                         0x08000e49   Thumb Code     4  stm32f10x_it.o(i.BusFault_Handler)
    Clr1SecFlag                              0x08000e4d   Thumb Code     8  timer.o(i.Clr1SecFlag)
    Clr2msFlag                               0x08000e59   Thumb Code     8  timer.o(i.Clr2msFlag)
    DAC_Cmd                                  0x08001395   Thumb Code    34  stm32f10x_dac.o(i.DAC_Cmd)
    DAC_DMACmd                               0x080013bd   Thumb Code    38  stm32f10x_dac.o(i.DAC_DMACmd)
    DAC_Init                                 0x080013e9   Thumb Code    46  stm32f10x_dac.o(i.DAC_Init)
    DAC_SetChannel1Data                      0x0800141d   Thumb Code    26  stm32f10x_dac.o(i.DAC_SetChannel1Data)
    DMA2_Channel3_IRQHandler                 0x0800143d   Thumb Code    46  dac.o(i.DMA2_Channel3_IRQHandler)
    DMA_ClearITPendingBit                    0x0800147d   Thumb Code    18  stm32f10x_dma.o(i.DMA_ClearITPendingBit)
    DMA_Cmd                                  0x08001499   Thumb Code    24  stm32f10x_dma.o(i.DMA_Cmd)
    DMA_DeInit                               0x080014b1   Thumb Code   324  stm32f10x_dma.o(i.DMA_DeInit)
    DMA_GetITStatus                          0x080015fd   Thumb Code    36  stm32f10x_dma.o(i.DMA_GetITStatus)
    DMA_ITConfig                             0x08001629   Thumb Code    18  stm32f10x_dma.o(i.DMA_ITConfig)
    DMA_Init                                 0x0800163b   Thumb Code    60  stm32f10x_dma.o(i.DMA_Init)
    DeQueue                                  0x08001677   Thumb Code    68  queue.o(i.DeQueue)
    DeU16Queue                               0x080016bb   Thumb Code    72  u16queue.o(i.DeU16Queue)
    DebugMon_Handler                         0x08001703   Thumb Code     2  stm32f10x_it.o(i.DebugMon_Handler)
    EnQueue                                  0x08001705   Thumb Code    72  queue.o(i.EnQueue)
    EnU16Queue                               0x0800174d   Thumb Code    76  u16queue.o(i.EnU16Queue)
    FLASH_PrefetchBufferCmd                  0x080017b9   Thumb Code    22  stm32f10x_flash.o(i.FLASH_PrefetchBufferCmd)
    FLASH_SetLatency                         0x080017d5   Thumb Code    18  stm32f10x_flash.o(i.FLASH_SetLatency)
    GPIO_Init                                0x080017ed   Thumb Code   278  stm32f10x_gpio.o(i.GPIO_Init)
    GPIO_ReadInputDataBit                    0x08001903   Thumb Code    18  stm32f10x_gpio.o(i.GPIO_ReadInputDataBit)
    GPIO_WriteBit                            0x08001915   Thumb Code    10  stm32f10x_gpio.o(i.GPIO_WriteBit)
    Get1SecFlag                              0x08001921   Thumb Code     6  timer.o(i.Get1SecFlag)
    Get2msFlag                               0x0800192d   Thumb Code     6  timer.o(i.Get2msFlag)
    GetRectWave100PointAddr                  0x08001939   Thumb Code     4  wave.o(i.GetRectWave100PointAddr)
    GetSineWave100PointAddr                  0x08001941   Thumb Code     4  wave.o(i.GetSineWave100PointAddr)
    GetTriWave100PointAddr                   0x08001949   Thumb Code     4  wave.o(i.GetTriWave100PointAddr)
    GetUnPackRslt                            0x08001951   Thumb Code    16  packunpack.o(i.GetUnPackRslt)
    HardFault_Handler                        0x08001965   Thumb Code     4  stm32f10x_it.o(i.HardFault_Handler)
    InitADC                                  0x08001969   Thumb Code    32  adc.o(i.InitADC)
    InitDAC                                  0x08001991   Thumb Code    40  dac.o(i.InitDAC)
    InitFilter                               0x080019bd   Thumb Code    34  filter.o(i.InitFilter)
    InitKeyOne                               0x08001a31   Thumb Code    18  keyone.o(i.InitKeyOne)
    InitNVIC                                 0x08001a49   Thumb Code     8  nvic.o(i.InitNVIC)
    InitPackUnpack                           0x08001a51   Thumb Code    50  packunpack.o(i.InitPackUnpack)
    InitProcHostCmd                          0x08001a95   Thumb Code     2  prochostcmd.o(i.InitProcHostCmd)
    InitProcKeyOne                           0x08001a97   Thumb Code     2  prockeyone.o(i.InitProcKeyOne)
    InitQueue                                0x08001a99   Thumb Code    36  queue.o(i.InitQueue)
    InitRCC                                  0x08001abd   Thumb Code     8  rcc.o(i.InitRCC)
    InitSendDataToHost                       0x08001ac5   Thumb Code     2  senddatatohost.o(i.InitSendDataToHost)
    InitSysTick                              0x08001add   Thumb Code    92  systick.o(i.InitSysTick)
    InitTimer                                0x08001b45   Thumb Code    24  timer.o(i.InitTimer)
    InitU16Queue                             0x08001b5d   Thumb Code    38  u16queue.o(i.InitU16Queue)
    InitUART1                                0x08001b83   Thumb Code    16  uart1.o(i.InitUART1)
    MemManage_Handler                        0x08001bd5   Thumb Code     4  stm32f10x_it.o(i.MemManage_Handler)
    NMI_Handler                              0x08001bd9   Thumb Code     2  stm32f10x_it.o(i.NMI_Handler)
    NVIC_Init                                0x08001bf5   Thumb Code   100  misc.o(i.NVIC_Init)
    NVIC_PriorityGroupConfig                 0x08001c65   Thumb Code    10  misc.o(i.NVIC_PriorityGroupConfig)
    PackData                                 0x08001cb3   Thumb Code    24  packunpack.o(i.PackData)
    PendSV_Handler                           0x08001d09   Thumb Code     2  stm32f10x_it.o(i.PendSV_Handler)
    ProcHostCmd                              0x08001d41   Thumb Code    70  prochostcmd.o(i.ProcHostCmd)
    ProcKeyDownKey1                          0x08001d89   Thumb Code    34  prockeyone.o(i.ProcKeyDownKey1)
    ProcKeyDownKey2                          0x08001dc9   Thumb Code    46  prockeyone.o(i.ProcKeyDownKey2)
    ProcKeyDownKey3                          0x08001e09   Thumb Code     8  prockeyone.o(i.ProcKeyDownKey3)
    ProcKeyUpKey1                            0x08001e11   Thumb Code     2  prockeyone.o(i.ProcKeyUpKey1)
    ProcKeyUpKey2                            0x08001e13   Thumb Code     2  prockeyone.o(i.ProcKeyUpKey2)
    ProcKeyUpKey3                            0x08001e15   Thumb Code     2  prockeyone.o(i.ProcKeyUpKey3)
    QueueEmpty                               0x08001e17   Thumb Code    14  queue.o(i.QueueEmpty)
    RCC_ADCCLKConfig                         0x08001e25   Thumb Code    18  stm32f10x_rcc.o(i.RCC_ADCCLKConfig)
    RCC_AHBPeriphClockCmd                    0x08001e3d   Thumb Code    26  stm32f10x_rcc.o(i.RCC_AHBPeriphClockCmd)
    RCC_APB1PeriphClockCmd                   0x08001e5d   Thumb Code    26  stm32f10x_rcc.o(i.RCC_APB1PeriphClockCmd)
    RCC_APB1PeriphResetCmd                   0x08001e7d   Thumb Code    26  stm32f10x_rcc.o(i.RCC_APB1PeriphResetCmd)
    RCC_APB2PeriphClockCmd                   0x08001e9d   Thumb Code    26  stm32f10x_rcc.o(i.RCC_APB2PeriphClockCmd)
    RCC_APB2PeriphResetCmd                   0x08001ebd   Thumb Code    26  stm32f10x_rcc.o(i.RCC_APB2PeriphResetCmd)
    RCC_DeInit                               0x08001edd   Thumb Code    64  stm32f10x_rcc.o(i.RCC_DeInit)
    RCC_GetClocksFreq                        0x08001f29   Thumb Code   192  stm32f10x_rcc.o(i.RCC_GetClocksFreq)
    RCC_GetFlagStatus                        0x08001ffd   Thumb Code    56  stm32f10x_rcc.o(i.RCC_GetFlagStatus)
    RCC_GetSYSCLKSource                      0x08002039   Thumb Code    10  stm32f10x_rcc.o(i.RCC_GetSYSCLKSource)
    RCC_HCLKConfig                           0x08002049   Thumb Code    18  stm32f10x_rcc.o(i.RCC_HCLKConfig)
    RCC_HSEConfig                            0x08002061   Thumb Code    70  stm32f10x_rcc.o(i.RCC_HSEConfig)
    RCC_PCLK1Config                          0x080020ad   Thumb Code    18  stm32f10x_rcc.o(i.RCC_PCLK1Config)
    RCC_PCLK2Config                          0x080020c5   Thumb Code    20  stm32f10x_rcc.o(i.RCC_PCLK2Config)
    RCC_PLLCmd                               0x080020dd   Thumb Code     6  stm32f10x_rcc.o(i.RCC_PLLCmd)
    RCC_PLLConfig                            0x080020e9   Thumb Code    24  stm32f10x_rcc.o(i.RCC_PLLConfig)
    RCC_SYSCLKConfig                         0x08002105   Thumb Code    18  stm32f10x_rcc.o(i.RCC_SYSCLKConfig)
    RCC_WaitForHSEStartUp                    0x0800211d   Thumb Code    56  stm32f10x_rcc.o(i.RCC_WaitForHSEStartUp)
    RESP_Filter                              0x080021b1   Thumb Code    40  filter.o(i.RESP_Filter)
    RESP_Filter_IIR                          0x080021f5   Thumb Code    54  filter.o(i.RESP_Filter_IIR)
    RESP_Filter_Smooth_Init                  0x0800223d   Thumb Code    26  filter.o(i.RESP_Filter_Smooth_Init)
    RESP_HR_Cal                              0x08002259   Thumb Code    50  resp_heartrate_calculate.o(i.RESP_HR_Cal)
    RESP_HR_FindMid                          0x0800229d   Thumb Code   224  resp_heartrate_calculate.o(i.RESP_HR_FindMid)
    RESP_HR_FindPeak                         0x08002385   Thumb Code   140  resp_heartrate_calculate.o(i.RESP_HR_FindPeak)
    RESP_HR_FindReference                    0x0800241d   Thumb Code    82  resp_heartrate_calculate.o(i.RESP_HR_FindReference)
    RESP_HR_Send                             0x08002479   Thumb Code    24  resp_heartrate_calculate.o(i.RESP_HR_Send)
    RESP_HeartRate_Calculate                 0x080024a1   Thumb Code    62  resp_heartrate_calculate.o(i.RESP_HeartRate_Calculate)
    RESP_Init                                0x080024e1   Thumb Code    32  resp.o(i.RESP_Init)
    RESP_StartInfo_Change                    0x080025d9   Thumb Code    30  resp.o(i.RESP_StartInfo_Change)
    RESP_StartInfo_Get                       0x080025fd   Thumb Code     6  resp.o(i.RESP_StartInfo_Get)
    RESP_Task                                0x08002699   Thumb Code   136  resp.o(i.RESP_Task)
    ReadADCBuf                               0x08002781   Thumb Code    22  adc.o(i.ReadADCBuf)
    ReadUART1                                0x080027b9   Thumb Code    24  uart1.o(i.ReadUART1)
    SVC_Handler                              0x080027d5   Thumb Code     2  stm32f10x_it.o(i.SVC_Handler)
    ScanKeyOne                               0x080027d9   Thumb Code   158  keyone.o(i.ScanKeyOne)
    ScanKeyTask                              0x0800288d   Thumb Code    54  keyone.o(i.ScanKeyTask)
    SendAckPack                              0x080028e1   Thumb Code    54  senddatatohost.o(i.SendAckPack)
    SetDACWave                               0x08002955   Thumb Code    12  dac.o(i.SetDACWave)
    SysTick_Handler                          0x08002a4d   Thumb Code     8  systick.o(i.SysTick_Handler)
    SystemInit                               0x08002a55   Thumb Code    78  system_stm32f10x.o(i.SystemInit)
    TIM2_IRQHandler                          0x08002ab5   Thumb Code    52  timer.o(i.TIM2_IRQHandler)
    TIM3_IRQHandler                          0x08002af1   Thumb Code    30  adc.o(i.TIM3_IRQHandler)
    TIM5_IRQHandler                          0x08002b19   Thumb Code    58  timer.o(i.TIM5_IRQHandler)
    TIM_ClearITPendingBit                    0x08002b61   Thumb Code     6  stm32f10x_tim.o(i.TIM_ClearITPendingBit)
    TIM_Cmd                                  0x08002b67   Thumb Code    24  stm32f10x_tim.o(i.TIM_Cmd)
    TIM_DeInit                               0x08002b81   Thumb Code   424  stm32f10x_tim.o(i.TIM_DeInit)
    TIM_GetITStatus                          0x08002d69   Thumb Code    34  stm32f10x_tim.o(i.TIM_GetITStatus)
    TIM_ITConfig                             0x08002d8b   Thumb Code    18  stm32f10x_tim.o(i.TIM_ITConfig)
    TIM_SelectOutputTrigger                  0x08002d9d   Thumb Code    18  stm32f10x_tim.o(i.TIM_SelectOutputTrigger)
    TIM_TimeBaseInit                         0x08002db1   Thumb Code   122  stm32f10x_tim.o(i.TIM_TimeBaseInit)
    USART1_IRQHandler                        0x08002e6d   Thumb Code   140  uart1.o(i.USART1_IRQHandler)
    USART_ClearFlag                          0x08002f05   Thumb Code    18  stm32f10x_usart.o(i.USART_ClearFlag)
    USART_ClearITPendingBit                  0x08002f17   Thumb Code    30  stm32f10x_usart.o(i.USART_ClearITPendingBit)
    USART_Cmd                                0x08002f35   Thumb Code    24  stm32f10x_usart.o(i.USART_Cmd)
    USART_GetFlagStatus                      0x08002f4d   Thumb Code    26  stm32f10x_usart.o(i.USART_GetFlagStatus)
    USART_GetITStatus                        0x08002f67   Thumb Code    84  stm32f10x_usart.o(i.USART_GetITStatus)
    USART_ITConfig                           0x08002fbb   Thumb Code    74  stm32f10x_usart.o(i.USART_ITConfig)
    USART_Init                               0x08003005   Thumb Code   210  stm32f10x_usart.o(i.USART_Init)
    USART_ReceiveData                        0x080030dd   Thumb Code    10  stm32f10x_usart.o(i.USART_ReceiveData)
    USART_SendData                           0x080030e7   Thumb Code     8  stm32f10x_usart.o(i.USART_SendData)
    USART_StructInit                         0x080030ef   Thumb Code    24  stm32f10x_usart.o(i.USART_StructInit)
    UnPackData                               0x08003109   Thumb Code   114  packunpack.o(i.UnPackData)
    UsageFault_Handler                       0x080031cf   Thumb Code     4  stm32f10x_it.o(i.UsageFault_Handler)
    WriteADCBuf                              0x080031d5   Thumb Code    20  adc.o(i.WriteADCBuf)
    WriteUART1                               0x08003205   Thumb Code    38  uart1.o(i.WriteUART1)
    __0printf                                0x08003235   Thumb Code    22  printfa.o(i.__0printf)
    __1printf                                0x08003235   Thumb Code     0  printfa.o(i.__0printf)
    __2printf                                0x08003235   Thumb Code     0  printfa.o(i.__0printf)
    __c89printf                              0x08003235   Thumb Code     0  printfa.o(i.__0printf)
    printf                                   0x08003235   Thumb Code     0  printfa.o(i.__0printf)
    __scatterload_copy                       0x08003255   Thumb Code    14  handlers.o(i.__scatterload_copy)
    __scatterload_null                       0x08003263   Thumb Code     2  handlers.o(i.__scatterload_null)
    __scatterload_zeroinit                   0x08003265   Thumb Code    14  handlers.o(i.__scatterload_zeroinit)
    fputc                                    0x08003aff   Thumb Code    16  uart1.o(i.fputc)
    main                                     0x08003b11   Thumb Code    26  main.o(i.main)
    RESP_50Hz_NL                             0x08003b50   Data           4  filter.o(.constdata)
    RESP_50Hz_NUM                            0x08003b58   Data          24  filter.o(.constdata)
    RESP_50Hz_DL                             0x08003b70   Data           4  filter.o(.constdata)
    RESP_50Hz_DEN                            0x08003b78   Data          24  filter.o(.constdata)
    RESP_100Hz_NL                            0x08003b90   Data           4  filter.o(.constdata)
    RESP_100Hz_NUM                           0x08003b98   Data          24  filter.o(.constdata)
    RESP_100Hz_DL                            0x08003bb0   Data           4  filter.o(.constdata)
    RESP_100Hz_DEN                           0x08003bb8   Data          24  filter.o(.constdata)
    RESP_200Hz_NL                            0x08003bd0   Data           4  filter.o(.constdata)
    RESP_200Hz_NUM                           0x08003bd8   Data          24  filter.o(.constdata)
    RESP_200Hz_DL                            0x08003bf0   Data           4  filter.o(.constdata)
    RESP_200Hz_DEN                           0x08003bf8   Data          24  filter.o(.constdata)
    RESP_Lower_NL                            0x08003c10   Data          12  filter.o(.constdata)
    RESP_Lower_NUM                           0x08003c20   Data          72  filter.o(.constdata)
    RESP_Lower_DL                            0x08003c68   Data          12  filter.o(.constdata)
    RESP_Lower_DEN                           0x08003c78   Data          72  filter.o(.constdata)
    RESP_Filter_chebyshev_ii_STAGES          0x08003cc0   Data           1  filter.o(.constdata)
    RESP_Filter_chebyshev_ii_Coeffs          0x08003cc4   Data          40  filter.o(.constdata)
    RESP_Filter_butterworth_STAGES           0x08003cec   Data           1  filter.o(.constdata)
    RESP_Filter_butterworth_Coeffs           0x08003cf0   Data          60  filter.o(.constdata)
    Region$$Table$$Base                      0x08003d2c   Number         0  anon$$obj.o(Region$$Table)
    Region$$Table$$Limit                     0x08003d4c   Number         0  anon$$obj.o(Region$$Table)
    RESP_Filter_Flag                         0x20000004   Data           1  filter.o(.data)
    WAVE_NUM                                 0x2000001a   Data           2  resp.o(.data)
    SystemCoreClock                          0x200002ac   Data           4  system_stm32f10x.o(.data)
    AHBPrescTable                            0x200002b0   Data          16  system_stm32f10x.o(.data)
    __stdout                                 0x200002c0   Data           4  stdout.o(.data)
    respFilter                               0x200002d0   Data          56  filter.o(.bss)
    RESP_WaveData                            0x200003b8   Data       40000  resp.o(.bss)
    __initial_sp                             0x2000ad30   Data           0  startup_stm32f10x_hd.o(STACK)



==============================================================================

Memory Map of the image

  Image Entry point : 0x08000131

  Load Region LR_IROM1 (Base: 0x08000000, Size: 0x00004010, Max: 0x00040000, ABSOLUTE, COMPRESSED[0x00003ef4])

    Execution Region ER_IROM1 (Exec base: 0x08000000, Load base: 0x08000000, Size: 0x00003d4c, Max: 0x00040000, ABSOLUTE)

    Exec Addr    Load Addr    Size         Type   Attr      Idx    E Section Name        Object

    0x08000000   0x08000000   0x00000130   Data   RO         2735    RESET               startup_stm32f10x_hd.o
    0x08000130   0x08000130   0x00000000   Code   RO         2813  * .ARM.Collect$$$$00000000  mc_w.l(entry.o)
    0x08000130   0x08000130   0x00000004   Code   RO         3105    .ARM.Collect$$$$00000001  mc_w.l(entry2.o)
    0x08000134   0x08000134   0x00000004   Code   RO         3108    .ARM.Collect$$$$00000004  mc_w.l(entry5.o)
    0x08000138   0x08000138   0x00000000   Code   RO         3110    .ARM.Collect$$$$00000008  mc_w.l(entry7b.o)
    0x08000138   0x08000138   0x00000000   Code   RO         3112    .ARM.Collect$$$$0000000A  mc_w.l(entry8b.o)
    0x08000138   0x08000138   0x00000008   Code   RO         3113    .ARM.Collect$$$$0000000B  mc_w.l(entry9a.o)
    0x08000140   0x08000140   0x00000004   Code   RO         3120    .ARM.Collect$$$$0000000E  mc_w.l(entry12b.o)
    0x08000144   0x08000144   0x00000000   Code   RO         3115    .ARM.Collect$$$$0000000F  mc_w.l(entry10a.o)
    0x08000144   0x08000144   0x00000000   Code   RO         3117    .ARM.Collect$$$$00000011  mc_w.l(entry11a.o)
    0x08000144   0x08000144   0x00000004   Code   RO         3106    .ARM.Collect$$$$00002712  mc_w.l(entry2.o)
    0x08000148   0x08000148   0x00000024   Code   RO         2736    .text               startup_stm32f10x_hd.o
    0x0800016c   0x0800016c   0x000002a4   Code   RO         2743    .text               arm_cortexM3l_math.lib(arm_biquad_cascade_df1_f32.o)
    0x08000410   0x08000410   0x00000016   Code   RO         2792    .text               arm_cortexM3l_math.lib(arm_biquad_cascade_df1_init_f32.o)
    0x08000426   0x08000426   0x00000024   Code   RO         2816    .text               mc_w.l(memseta.o)
    0x0800044a   0x0800044a   0x000000b0   Code   RO         3079    .text               mf_w.l(fadd.o)
    0x080004fa   0x080004fa   0x00000064   Code   RO         3081    .text               mf_w.l(fmul.o)
    0x0800055e   0x0800055e   0x0000007c   Code   RO         3083    .text               mf_w.l(fdiv.o)
    0x080005da   0x080005da   0x0000014e   Code   RO         3085    .text               mf_w.l(dadd.o)
    0x08000728   0x08000728   0x000000e4   Code   RO         3087    .text               mf_w.l(dmul.o)
    0x0800080c   0x0800080c   0x000000de   Code   RO         3089    .text               mf_w.l(ddiv.o)
    0x080008ea   0x080008ea   0x00000012   Code   RO         3091    .text               mf_w.l(fflti.o)
    0x080008fc   0x080008fc   0x0000001a   Code   RO         3093    .text               mf_w.l(dfltui.o)
    0x08000916   0x08000916   0x00000032   Code   RO         3095    .text               mf_w.l(ffixi.o)
    0x08000948   0x08000948   0x00000026   Code   RO         3097    .text               mf_w.l(f2d.o)
    0x0800096e   0x0800096e   0x00000038   Code   RO         3099    .text               mf_w.l(d2f.o)
    0x080009a6   0x080009a6   0x00000002   PAD
    0x080009a8   0x080009a8   0x00000014   Code   RO         3101    .text               mf_w.l(cfcmple.o)
    0x080009bc   0x080009bc   0x00000014   Code   RO         3103    .text               mf_w.l(cfrcmple.o)
    0x080009d0   0x080009d0   0x0000002c   Code   RO         3122    .text               mc_w.l(uidiv.o)
    0x080009fc   0x080009fc   0x00000062   Code   RO         3124    .text               mc_w.l(uldiv.o)
    0x08000a5e   0x08000a5e   0x0000001e   Code   RO         3126    .text               mc_w.l(llshl.o)
    0x08000a7c   0x08000a7c   0x00000024   Code   RO         3128    .text               mc_w.l(llsshr.o)
    0x08000aa0   0x08000aa0   0x00000000   Code   RO         3130    .text               mc_w.l(iusefp.o)
    0x08000aa0   0x08000aa0   0x0000006e   Code   RO         3131    .text               mf_w.l(fepilogue.o)
    0x08000b0e   0x08000b0e   0x000000ba   Code   RO         3133    .text               mf_w.l(depilogue.o)
    0x08000bc8   0x08000bc8   0x00000030   Code   RO         3135    .text               mf_w.l(dfixul.o)
    0x08000bf8   0x08000bf8   0x00000030   Code   RO         3137    .text               mf_w.l(cdrcmple.o)
    0x08000c28   0x08000c28   0x00000024   Code   RO         3139    .text               mc_w.l(init.o)
    0x08000c4c   0x08000c4c   0x00000020   Code   RO         3141    .text               mc_w.l(llushr.o)
    0x08000c6c   0x08000c6c   0x00000056   Code   RO         3151    .text               mc_w.l(__dczerorl2.o)
    0x08000cc2   0x08000cc2   0x00000016   Code   RO         2208    i.ADC_Cmd           stm32f10x_adc.o
    0x08000cd8   0x08000cd8   0x00000016   Code   RO         2209    i.ADC_DMACmd        stm32f10x_adc.o
    0x08000cee   0x08000cee   0x00000016   Code   RO         2213    i.ADC_ExternalTrigConvCmd  stm32f10x_adc.o
    0x08000d04   0x08000d04   0x00000014   Code   RO         2216    i.ADC_GetCalibrationStatus  stm32f10x_adc.o
    0x08000d18   0x08000d18   0x00000014   Code   RO         2222    i.ADC_GetResetCalibrationStatus  stm32f10x_adc.o
    0x08000d2c   0x08000d2c   0x00000050   Code   RO         2226    i.ADC_Init          stm32f10x_adc.o
    0x08000d7c   0x08000d7c   0x000000b8   Code   RO         2230    i.ADC_RegularChannelConfig  stm32f10x_adc.o
    0x08000e34   0x08000e34   0x0000000a   Code   RO         2231    i.ADC_ResetCalibration  stm32f10x_adc.o
    0x08000e3e   0x08000e3e   0x0000000a   Code   RO         2235    i.ADC_StartCalibration  stm32f10x_adc.o
    0x08000e48   0x08000e48   0x00000004   Code   RO         2642    i.BusFault_Handler  stm32f10x_it.o
    0x08000e4c   0x08000e4c   0x0000000c   Code   RO          601    i.Clr1SecFlag       timer.o
    0x08000e58   0x08000e58   0x0000000c   Code   RO          602    i.Clr2msFlag        timer.o
    0x08000e64   0x08000e64   0x000000ac   Code   RO          857    i.ConfigADC1        adc.o
    0x08000f10   0x08000f10   0x00000060   Code   RO          784    i.ConfigDAC1        dac.o
    0x08000f70   0x08000f70   0x00000060   Code   RO          858    i.ConfigDMA1Ch1     adc.o
    0x08000fd0   0x08000fd0   0x00000080   Code   RO          785    i.ConfigDMA2Ch3ForDAC1  dac.o
    0x08001050   0x08001050   0x00000058   Code   RO          446    i.ConfigKeyOneGPIO  keyone.o
    0x080010a8   0x080010a8   0x0000000c   Code   RO         2574    i.ConfigNVIC        nvic.o
    0x080010b4   0x080010b4   0x00000064   Code   RO          584    i.ConfigRCC         rcc.o
    0x08001118   0x08001118   0x00000054   Code   RO          477    i.ConfigRESPGPIO    resp.o
    0x0800116c   0x0800116c   0x0000005c   Code   RO          603    i.ConfigTimer2      timer.o
    0x080011c8   0x080011c8   0x00000064   Code   RO          859    i.ConfigTimer3      adc.o
    0x0800122c   0x0800122c   0x00000044   Code   RO          786    i.ConfigTimer4      dac.o
    0x08001270   0x08001270   0x00000060   Code   RO          604    i.ConfigTimer5      timer.o
    0x080012d0   0x080012d0   0x000000c4   Code   RO          706    i.ConfigUART        uart1.o
    0x08001394   0x08001394   0x00000028   Code   RO         2424    i.DAC_Cmd           stm32f10x_dac.o
    0x080013bc   0x080013bc   0x0000002c   Code   RO         2425    i.DAC_DMACmd        stm32f10x_dac.o
    0x080013e8   0x080013e8   0x00000034   Code   RO         2429    i.DAC_Init          stm32f10x_dac.o
    0x0800141c   0x0800141c   0x00000020   Code   RO         2430    i.DAC_SetChannel1Data  stm32f10x_dac.o
    0x0800143c   0x0800143c   0x00000040   Code   RO          787    i.DMA2_Channel3_IRQHandler  dac.o
    0x0800147c   0x0800147c   0x0000001c   Code   RO         2503    i.DMA_ClearITPendingBit  stm32f10x_dma.o
    0x08001498   0x08001498   0x00000018   Code   RO         2504    i.DMA_Cmd           stm32f10x_dma.o
    0x080014b0   0x080014b0   0x0000014c   Code   RO         2505    i.DMA_DeInit        stm32f10x_dma.o
    0x080015fc   0x080015fc   0x0000002c   Code   RO         2508    i.DMA_GetITStatus   stm32f10x_dma.o
    0x08001628   0x08001628   0x00000012   Code   RO         2509    i.DMA_ITConfig      stm32f10x_dma.o
    0x0800163a   0x0800163a   0x0000003c   Code   RO         2510    i.DMA_Init          stm32f10x_dma.o
    0x08001676   0x08001676   0x00000044   Code   RO          662    i.DeQueue           queue.o
    0x080016ba   0x080016ba   0x00000048   Code   RO          909    i.DeU16Queue        u16queue.o
    0x08001702   0x08001702   0x00000002   Code   RO         2643    i.DebugMon_Handler  stm32f10x_it.o
    0x08001704   0x08001704   0x00000048   Code   RO          663    i.EnQueue           queue.o
    0x0800174c   0x0800174c   0x0000004c   Code   RO          910    i.EnU16Queue        u16queue.o
    0x08001798   0x08001798   0x00000020   Code   RO          707    i.EnableUARTTx      uart1.o
    0x080017b8   0x080017b8   0x0000001c   Code   RO         1003    i.FLASH_PrefetchBufferCmd  stm32f10x_flash.o
    0x080017d4   0x080017d4   0x00000018   Code   RO         1008    i.FLASH_SetLatency  stm32f10x_flash.o
    0x080017ec   0x080017ec   0x00000116   Code   RO         1166    i.GPIO_Init         stm32f10x_gpio.o
    0x08001902   0x08001902   0x00000012   Code   RO         1170    i.GPIO_ReadInputDataBit  stm32f10x_gpio.o
    0x08001914   0x08001914   0x0000000a   Code   RO         1177    i.GPIO_WriteBit     stm32f10x_gpio.o
    0x0800191e   0x0800191e   0x00000002   PAD
    0x08001920   0x08001920   0x0000000c   Code   RO          605    i.Get1SecFlag       timer.o
    0x0800192c   0x0800192c   0x0000000c   Code   RO          606    i.Get2msFlag        timer.o
    0x08001938   0x08001938   0x00000008   Code   RO          825    i.GetRectWave100PointAddr  wave.o
    0x08001940   0x08001940   0x00000008   Code   RO          826    i.GetSineWave100PointAddr  wave.o
    0x08001948   0x08001948   0x00000008   Code   RO          827    i.GetTriWave100PointAddr  wave.o
    0x08001950   0x08001950   0x00000014   Code   RO          194    i.GetUnPackRslt     packunpack.o
    0x08001964   0x08001964   0x00000004   Code   RO         2644    i.HardFault_Handler  stm32f10x_it.o
    0x08001968   0x08001968   0x00000028   Code   RO          860    i.InitADC           adc.o
    0x08001990   0x08001990   0x0000002c   Code   RO          788    i.InitDAC           dac.o
    0x080019bc   0x080019bc   0x00000040   Code   RO          307    i.InitFilter        filter.o
    0x080019fc   0x080019fc   0x00000034   Code   RO            1    i.InitHardware      main.o
    0x08001a30   0x08001a30   0x00000018   Code   RO          447    i.InitKeyOne        keyone.o
    0x08001a48   0x08001a48   0x00000008   Code   RO         2575    i.InitNVIC          nvic.o
    0x08001a50   0x08001a50   0x00000044   Code   RO          195    i.InitPackUnpack    packunpack.o
    0x08001a94   0x08001a94   0x00000002   Code   RO          240    i.InitProcHostCmd   prochostcmd.o
    0x08001a96   0x08001a96   0x00000002   Code   RO          398    i.InitProcKeyOne    prockeyone.o
    0x08001a98   0x08001a98   0x00000024   Code   RO          664    i.InitQueue         queue.o
    0x08001abc   0x08001abc   0x00000008   Code   RO          585    i.InitRCC           rcc.o
    0x08001ac4   0x08001ac4   0x00000002   Code   RO          272    i.InitSendDataToHost  senddatatohost.o
    0x08001ac6   0x08001ac6   0x00000014   Code   RO            2    i.InitSoftware      main.o
    0x08001ada   0x08001ada   0x00000002   PAD
    0x08001adc   0x08001adc   0x00000068   Code   RO         2593    i.InitSysTick       systick.o
    0x08001b44   0x08001b44   0x00000018   Code   RO          607    i.InitTimer         timer.o
    0x08001b5c   0x08001b5c   0x00000026   Code   RO          911    i.InitU16Queue      u16queue.o
    0x08001b82   0x08001b82   0x00000010   Code   RO          708    i.InitUART1         uart1.o
    0x08001b92   0x08001b92   0x00000002   PAD
    0x08001b94   0x08001b94   0x00000040   Code   RO          709    i.InitUARTBuf       uart1.o
    0x08001bd4   0x08001bd4   0x00000004   Code   RO         2645    i.MemManage_Handler  stm32f10x_it.o
    0x08001bd8   0x08001bd8   0x00000002   Code   RO         2646    i.NMI_Handler       stm32f10x_it.o
    0x08001bda   0x08001bda   0x00000002   PAD
    0x08001bdc   0x08001bdc   0x00000018   Code   RO          710    i.NVIC_ClearPendingIRQ  uart1.o
    0x08001bf4   0x08001bf4   0x00000070   Code   RO          950    i.NVIC_Init         misc.o
    0x08001c64   0x08001c64   0x00000014   Code   RO          951    i.NVIC_PriorityGroupConfig  misc.o
    0x08001c78   0x08001c78   0x0000003a   Code   RO          241    i.OnGenWave         prochostcmd.o
    0x08001cb2   0x08001cb2   0x00000018   Code   RO          196    i.PackData          packunpack.o
    0x08001cca   0x08001cca   0x0000003e   Code   RO          197    i.PackWithCheckSum  packunpack.o
    0x08001d08   0x08001d08   0x00000002   Code   RO         2647    i.PendSV_Handler    stm32f10x_it.o
    0x08001d0a   0x08001d0a   0x0000000e   Code   RO            3    i.Proc1SecTask      main.o
    0x08001d18   0x08001d18   0x00000028   Code   RO            4    i.Proc2msTask       main.o
    0x08001d40   0x08001d40   0x00000046   Code   RO          242    i.ProcHostCmd       prochostcmd.o
    0x08001d86   0x08001d86   0x00000002   PAD
    0x08001d88   0x08001d88   0x00000040   Code   RO          399    i.ProcKeyDownKey1   prockeyone.o
    0x08001dc8   0x08001dc8   0x00000040   Code   RO          400    i.ProcKeyDownKey2   prockeyone.o
    0x08001e08   0x08001e08   0x00000008   Code   RO          401    i.ProcKeyDownKey3   prockeyone.o
    0x08001e10   0x08001e10   0x00000002   Code   RO          402    i.ProcKeyUpKey1     prockeyone.o
    0x08001e12   0x08001e12   0x00000002   Code   RO          403    i.ProcKeyUpKey2     prockeyone.o
    0x08001e14   0x08001e14   0x00000002   Code   RO          404    i.ProcKeyUpKey3     prockeyone.o
    0x08001e16   0x08001e16   0x0000000e   Code   RO          665    i.QueueEmpty        queue.o
    0x08001e24   0x08001e24   0x00000018   Code   RO         1274    i.RCC_ADCCLKConfig  stm32f10x_rcc.o
    0x08001e3c   0x08001e3c   0x00000020   Code   RO         1275    i.RCC_AHBPeriphClockCmd  stm32f10x_rcc.o
    0x08001e5c   0x08001e5c   0x00000020   Code   RO         1276    i.RCC_APB1PeriphClockCmd  stm32f10x_rcc.o
    0x08001e7c   0x08001e7c   0x00000020   Code   RO         1277    i.RCC_APB1PeriphResetCmd  stm32f10x_rcc.o
    0x08001e9c   0x08001e9c   0x00000020   Code   RO         1278    i.RCC_APB2PeriphClockCmd  stm32f10x_rcc.o
    0x08001ebc   0x08001ebc   0x00000020   Code   RO         1279    i.RCC_APB2PeriphResetCmd  stm32f10x_rcc.o
    0x08001edc   0x08001edc   0x0000004c   Code   RO         1285    i.RCC_DeInit        stm32f10x_rcc.o
    0x08001f28   0x08001f28   0x000000d4   Code   RO         1286    i.RCC_GetClocksFreq  stm32f10x_rcc.o
    0x08001ffc   0x08001ffc   0x0000003c   Code   RO         1287    i.RCC_GetFlagStatus  stm32f10x_rcc.o
    0x08002038   0x08002038   0x00000010   Code   RO         1289    i.RCC_GetSYSCLKSource  stm32f10x_rcc.o
    0x08002048   0x08002048   0x00000018   Code   RO         1290    i.RCC_HCLKConfig    stm32f10x_rcc.o
    0x08002060   0x08002060   0x0000004c   Code   RO         1291    i.RCC_HSEConfig     stm32f10x_rcc.o
    0x080020ac   0x080020ac   0x00000018   Code   RO         1297    i.RCC_PCLK1Config   stm32f10x_rcc.o
    0x080020c4   0x080020c4   0x00000018   Code   RO         1298    i.RCC_PCLK2Config   stm32f10x_rcc.o
    0x080020dc   0x080020dc   0x0000000c   Code   RO         1299    i.RCC_PLLCmd        stm32f10x_rcc.o
    0x080020e8   0x080020e8   0x0000001c   Code   RO         1300    i.RCC_PLLConfig     stm32f10x_rcc.o
    0x08002104   0x08002104   0x00000018   Code   RO         1303    i.RCC_SYSCLKConfig  stm32f10x_rcc.o
    0x0800211c   0x0800211c   0x00000038   Code   RO         1305    i.RCC_WaitForHSEStartUp  stm32f10x_rcc.o
    0x08002154   0x08002154   0x0000005c   Code   RO          478    i.RESP_ADC_Read     resp.o
    0x080021b0   0x080021b0   0x00000044   Code   RO          308    i.RESP_Filter       filter.o
    0x080021f4   0x080021f4   0x00000048   Code   RO          309    i.RESP_Filter_IIR   filter.o
    0x0800223c   0x0800223c   0x0000001a   Code   RO          310    i.RESP_Filter_Smooth_Init  filter.o
    0x08002256   0x08002256   0x00000002   PAD
    0x08002258   0x08002258   0x00000044   Code   RO          539    i.RESP_HR_Cal       resp_heartrate_calculate.o
    0x0800229c   0x0800229c   0x000000e8   Code   RO          540    i.RESP_HR_FindMid   resp_heartrate_calculate.o
    0x08002384   0x08002384   0x00000098   Code   RO          541    i.RESP_HR_FindPeak  resp_heartrate_calculate.o
    0x0800241c   0x0800241c   0x0000005c   Code   RO          542    i.RESP_HR_FindReference  resp_heartrate_calculate.o
    0x08002478   0x08002478   0x00000028   Code   RO          543    i.RESP_HR_Send      resp_heartrate_calculate.o
    0x080024a0   0x080024a0   0x0000003e   Code   RO          544    i.RESP_HeartRate_Calculate  resp_heartrate_calculate.o
    0x080024de   0x080024de   0x00000002   PAD
    0x080024e0   0x080024e0   0x00000050   Code   RO          479    i.RESP_Init         resp.o
    0x08002530   0x08002530   0x000000a8   Code   RO          480    i.RESP_LEADOFF_Check  resp.o
    0x080025d8   0x080025d8   0x00000024   Code   RO          481    i.RESP_StartInfo_Change  resp.o
    0x080025fc   0x080025fc   0x0000000c   Code   RO          482    i.RESP_StartInfo_Get  resp.o
    0x08002608   0x08002608   0x00000090   Code   RO          483    i.RESP_Start_Check  resp.o
    0x08002698   0x08002698   0x000000a0   Code   RO          484    i.RESP_Task         resp.o
    0x08002738   0x08002738   0x00000048   Code   RO          485    i.RESP_Wave_Send    resp.o
    0x08002780   0x08002780   0x0000001c   Code   RO          861    i.ReadADCBuf        adc.o
    0x0800279c   0x0800279c   0x0000001c   Code   RO          711    i.ReadSendBuf       uart1.o
    0x080027b8   0x080027b8   0x0000001c   Code   RO          712    i.ReadUART1         uart1.o
    0x080027d4   0x080027d4   0x00000002   Code   RO         2648    i.SVC_Handler       stm32f10x_it.o
    0x080027d6   0x080027d6   0x00000002   PAD
    0x080027d8   0x080027d8   0x000000b4   Code   RO          448    i.ScanKeyOne        keyone.o
    0x0800288c   0x0800288c   0x00000054   Code   RO          449    i.ScanKeyTask       keyone.o
    0x080028e0   0x080028e0   0x00000036   Code   RO          273    i.SendAckPack       senddatatohost.o
    0x08002916   0x08002916   0x00000002   PAD
    0x08002918   0x08002918   0x00000020   Code   RO          713    i.SendCharUsedByFputc  uart1.o
    0x08002938   0x08002938   0x0000001c   Code   RO          274    i.SendPackToHost    senddatatohost.o
    0x08002954   0x08002954   0x00000010   Code   RO          789    i.SetDACWave        dac.o
    0x08002964   0x08002964   0x00000008   Code   RO         2699    i.SetSysClock       system_stm32f10x.o
    0x0800296c   0x0800296c   0x000000e0   Code   RO         2700    i.SetSysClockTo72   system_stm32f10x.o
    0x08002a4c   0x08002a4c   0x00000008   Code   RO         2594    i.SysTick_Handler   systick.o
    0x08002a54   0x08002a54   0x00000060   Code   RO         2702    i.SystemInit        system_stm32f10x.o
    0x08002ab4   0x08002ab4   0x0000003c   Code   RO          608    i.TIM2_IRQHandler   timer.o
    0x08002af0   0x08002af0   0x00000028   Code   RO          862    i.TIM3_IRQHandler   adc.o
    0x08002b18   0x08002b18   0x00000048   Code   RO          609    i.TIM5_IRQHandler   timer.o
    0x08002b60   0x08002b60   0x00000006   Code   RO         1485    i.TIM_ClearITPendingBit  stm32f10x_tim.o
    0x08002b66   0x08002b66   0x00000018   Code   RO         1490    i.TIM_Cmd           stm32f10x_tim.o
    0x08002b7e   0x08002b7e   0x00000002   PAD
    0x08002b80   0x08002b80   0x000001e8   Code   RO         1495    i.TIM_DeInit        stm32f10x_tim.o
    0x08002d68   0x08002d68   0x00000022   Code   RO         1511    i.TIM_GetITStatus   stm32f10x_tim.o
    0x08002d8a   0x08002d8a   0x00000012   Code   RO         1515    i.TIM_ITConfig      stm32f10x_tim.o
    0x08002d9c   0x08002d9c   0x00000012   Code   RO         1547    i.TIM_SelectOutputTrigger  stm32f10x_tim.o
    0x08002dae   0x08002dae   0x00000002   PAD
    0x08002db0   0x08002db0   0x000000a4   Code   RO         1561    i.TIM_TimeBaseInit  stm32f10x_tim.o
    0x08002e54   0x08002e54   0x00000018   Code   RO         2595    i.TimDelayDec       systick.o
    0x08002e6c   0x08002e6c   0x00000098   Code   RO          714    i.USART1_IRQHandler  uart1.o
    0x08002f04   0x08002f04   0x00000012   Code   RO         2022    i.USART_ClearFlag   stm32f10x_usart.o
    0x08002f16   0x08002f16   0x0000001e   Code   RO         2023    i.USART_ClearITPendingBit  stm32f10x_usart.o
    0x08002f34   0x08002f34   0x00000018   Code   RO         2026    i.USART_Cmd         stm32f10x_usart.o
    0x08002f4c   0x08002f4c   0x0000001a   Code   RO         2029    i.USART_GetFlagStatus  stm32f10x_usart.o
    0x08002f66   0x08002f66   0x00000054   Code   RO         2030    i.USART_GetITStatus  stm32f10x_usart.o
    0x08002fba   0x08002fba   0x0000004a   Code   RO         2032    i.USART_ITConfig    stm32f10x_usart.o
    0x08003004   0x08003004   0x000000d8   Code   RO         2033    i.USART_Init        stm32f10x_usart.o
    0x080030dc   0x080030dc   0x0000000a   Code   RO         2040    i.USART_ReceiveData  stm32f10x_usart.o
    0x080030e6   0x080030e6   0x00000008   Code   RO         2043    i.USART_SendData    stm32f10x_usart.o
    0x080030ee   0x080030ee   0x00000018   Code   RO         2049    i.USART_StructInit  stm32f10x_usart.o
    0x08003106   0x08003106   0x00000002   PAD
    0x08003108   0x08003108   0x00000084   Code   RO          198    i.UnPackData        packunpack.o
    0x0800318c   0x0800318c   0x00000042   Code   RO          199    i.UnpackWithCheckSum  packunpack.o
    0x080031ce   0x080031ce   0x00000004   Code   RO         2649    i.UsageFault_Handler  stm32f10x_it.o
    0x080031d2   0x080031d2   0x00000002   PAD
    0x080031d4   0x080031d4   0x00000018   Code   RO          863    i.WriteADCBuf       adc.o
    0x080031ec   0x080031ec   0x00000018   Code   RO          715    i.WriteReceiveBuf   uart1.o
    0x08003204   0x08003204   0x00000030   Code   RO          716    i.WriteUART1        uart1.o
    0x08003234   0x08003234   0x00000020   Code   RO         3051    i.__0printf         mc_w.l(printfa.o)
    0x08003254   0x08003254   0x0000000e   Code   RO         3145    i.__scatterload_copy  mc_w.l(handlers.o)
    0x08003262   0x08003262   0x00000002   Code   RO         3146    i.__scatterload_null  mc_w.l(handlers.o)
    0x08003264   0x08003264   0x0000000e   Code   RO         3147    i.__scatterload_zeroinit  mc_w.l(handlers.o)
    0x08003272   0x08003272   0x00000002   PAD
    0x08003274   0x08003274   0x00000184   Code   RO         3058    i._fp_digits        mc_w.l(printfa.o)
    0x080033f8   0x080033f8   0x000006b4   Code   RO         3059    i._printf_core      mc_w.l(printfa.o)
    0x08003aac   0x08003aac   0x00000024   Code   RO         3060    i._printf_post_padding  mc_w.l(printfa.o)
    0x08003ad0   0x08003ad0   0x0000002e   Code   RO         3061    i._printf_pre_padding  mc_w.l(printfa.o)
    0x08003afe   0x08003afe   0x00000010   Code   RO          717    i.fputc             uart1.o
    0x08003b0e   0x08003b0e   0x00000002   PAD
    0x08003b10   0x08003b10   0x00000040   Code   RO            5    i.main              main.o
    0x08003b50   0x08003b50   0x000001dc   Data   RO          312    .constdata          filter.o
    0x08003d2c   0x08003d2c   0x00000020   Data   RO         3143    Region$$Table       anon$$obj.o


    Execution Region RW_IRAM1 (Exec base: 0x20000000, Load base: 0x08003d4c, Size: 0x0000ad30, Max: 0x0000c000, ABSOLUTE, COMPRESSED[0x000001a8])

    Exec Addr    Load Addr    Size         Type   Attr      Idx    E Section Name        Object

    0x20000000   COMPRESSED   0x00000003   Data   RW          201    .data               packunpack.o
    0x20000003   COMPRESSED   0x00000001   PAD
    0x20000004   COMPRESSED   0x0000000c   Data   RW          313    .data               filter.o
    0x20000010   COMPRESSED   0x0000000a   Data   RW          450    .data               keyone.o
    0x2000001a   COMPRESSED   0x00000008   Data   RW          487    .data               resp.o
    0x20000022   COMPRESSED   0x00000002   PAD
    0x20000024   COMPRESSED   0x00000004   Data   RW          546    .data               resp_heartrate_calculate.o
    0x20000028   COMPRESSED   0x00000006   Data   RW          610    .data               timer.o
    0x2000002e   COMPRESSED   0x00000001   Data   RW          719    .data               uart1.o
    0x2000002f   COMPRESSED   0x00000001   PAD
    0x20000030   COMPRESSED   0x00000008   Data   RW          790    .data               dac.o
    0x20000038   COMPRESSED   0x00000258   Data   RW          829    .data               wave.o
    0x20000290   COMPRESSED   0x00000002   Data   RW          865    .data               adc.o
    0x20000292   COMPRESSED   0x00000014   Data   RW         1306    .data               stm32f10x_rcc.o
    0x200002a6   COMPRESSED   0x00000002   PAD
    0x200002a8   COMPRESSED   0x00000004   Data   RW         2596    .data               systick.o
    0x200002ac   COMPRESSED   0x00000014   Data   RW         2703    .data               system_stm32f10x.o
    0x200002c0   COMPRESSED   0x00000004   Data   RW         3121    .data               mc_w.l(stdout.o)
    0x200002c4        -       0x0000000a   Zero   RW          200    .bss                packunpack.o
    0x200002ce   COMPRESSED   0x00000002   PAD
    0x200002d0        -       0x000000e8   Zero   RW          311    .bss                filter.o
    0x200003b8        -       0x00009c40   Zero   RW          486    .bss                resp.o
    0x20009ff8        -       0x00000780   Zero   RW          545    .bss                resp_heartrate_calculate.o
    0x2000a778        -       0x000000e0   Zero   RW          718    .bss                uart1.o
    0x2000a858        -       0x000000d4   Zero   RW          864    .bss                adc.o
    0x2000a92c   COMPRESSED   0x00000004   PAD
    0x2000a930        -       0x00000400   Zero   RW         2733    STACK               startup_stm32f10x_hd.o


==============================================================================

Image component sizes


      Code (inc. data)   RO Data    RW Data    ZI Data      Debug   Object Name

       500         56          0          2        212       4655   adc.o
       416         42          0          8          0       3382   dac.o
       230         76        476         12        232      21416   filter.o
       376         66          0         10          0       2960   keyone.o
         0          0          0          0          0     214720   led.o
       190         38          0          0          0     279723   main.o
       132         22          0          0          0       1463   misc.o
        20          0          0          0          0        847   nvic.o
       372         40          0          3         10       5777   packunpack.o
       130          0          0          0          0       4100   prochostcmd.o
       144         48          0          0          0       3179   prockeyone.o
       190          0          0          0          0       3129   queue.o
       108          0          0          0          0        950   rcc.o
       848        276          0          8      40000       5722   resp.o
       646         64          0          4       1920       4977   resp_heartrate_calculate.o
        84          0          0          0          0       2135   senddatatohost.o
        36          8        304          0       1024        808   startup_stm32f10x_hd.o
       390         10          0          0          0       7176   stm32f10x_adc.o
       168         24          0          0          0       2836   stm32f10x_dac.o
       506         26          0          0          0       4987   stm32f10x_dma.o
        52         12          0          0          0       1057   stm32f10x_flash.o
       306          0          0          0          0       3064   stm32f10x_gpio.o
        24          0          0          0          0       3568   stm32f10x_it.o
       816        116          0         20          0      12363   stm32f10x_rcc.o
       752        106          0          0          0       4737   stm32f10x_tim.o
       514          6          0          0          0       7652   stm32f10x_usart.o
       328         28          0         20          0       2245   system_stm32f10x.o
       136         18          0          4          0      17195   systick.o
       392         48          0          6          0       4670   timer.o
       186          0          0          0          0       2213   u16queue.o
       660         88          0          1        224      22080   uart1.o
        24         12          0        600          0       2005   wave.o

    ----------------------------------------------------------------------
      9704       1230        812        704      43628     657791   Object Totals
         0          0         32          0          0          0   (incl. Generated)
        28          0          0          6          6          0   (incl. Padding)

    ----------------------------------------------------------------------

      Code (inc. data)   RO Data    RW Data    ZI Data      Debug   Library Member Name

       676          0          0          0          0      19717   arm_biquad_cascade_df1_f32.o
        22          0          0          0          0       1038   arm_biquad_cascade_df1_init_f32.o
        86          0          0          0          0          0   __dczerorl2.o
         0          0          0          0          0          0   entry.o
         0          0          0          0          0          0   entry10a.o
         0          0          0          0          0          0   entry11a.o
         4          0          0          0          0          0   entry12b.o
         8          4          0          0          0          0   entry2.o
         4          0          0          0          0          0   entry5.o
         0          0          0          0          0          0   entry7b.o
         0          0          0          0          0          0   entry8b.o
         8          4          0          0          0          0   entry9a.o
        30          0          0          0          0          0   handlers.o
        36          8          0          0          0         68   init.o
         0          0          0          0          0          0   iusefp.o
        30          0          0          0          0         68   llshl.o
        36          0          0          0          0         68   llsshr.o
        32          0          0          0          0         68   llushr.o
        36          0          0          0          0        108   memseta.o
      2218         90          0          0          0        464   printfa.o
         0          0          0          4          0          0   stdout.o
        44          0          0          0          0         80   uidiv.o
        98          0          0          0          0         92   uldiv.o
        48          0          0          0          0         68   cdrcmple.o
        20          0          0          0          0         68   cfcmple.o
        20          0          0          0          0         68   cfrcmple.o
        56          0          0          0          0         88   d2f.o
       334          0          0          0          0        148   dadd.o
       222          0          0          0          0        100   ddiv.o
       186          0          0          0          0        176   depilogue.o
        48          0          0          0          0         68   dfixul.o
        26          0          0          0          0         76   dfltui.o
       228          0          0          0          0         96   dmul.o
        38          0          0          0          0         68   f2d.o
       176          0          0          0          0        140   fadd.o
       124          0          0          0          0         88   fdiv.o
       110          0          0          0          0        168   fepilogue.o
        50          0          0          0          0         68   ffixi.o
        18          0          0          0          0         68   fflti.o
       100          0          0          0          0         76   fmul.o

    ----------------------------------------------------------------------
      5176        106          0          4          0      23403   Library Totals
         4          0          0          0          0          0   (incl. Padding)

    ----------------------------------------------------------------------

      Code (inc. data)   RO Data    RW Data    ZI Data      Debug   Library Name

       698          0          0          0          0      20755   arm_cortexM3l_math.lib
      2670        106          0          4          0       1016   mc_w.l
      1804          0          0          0          0       1632   mf_w.l

    ----------------------------------------------------------------------
      5176        106          0          4          0      23403   Library Totals

    ----------------------------------------------------------------------

==============================================================================


      Code (inc. data)   RO Data    RW Data    ZI Data      Debug   

     14880       1336        812        708      43628     671338   Grand Totals
     14880       1336        812        424      43628     671338   ELF Image Totals (compressed)
     14880       1336        812        424          0          0   ROM Totals

==============================================================================

    Total RO  Size (Code + RO Data)                15692 (  15.32kB)
    Total RW  Size (RW Data + ZI Data)             44336 (  43.30kB)
    Total ROM Size (Code + RO Data + RW Data)      16116 (  15.74kB)

==============================================================================

